Archive member included to satisfy reference by file (symbol)

app/libapp.a(main.c.obj)      (--whole-archive)
zephyr/libzephyr.a(heap.c.obj)
                              (--whole-archive)
zephyr/libzephyr.a(cbprintf_packaged.c.obj)
                              (--whole-archive)
zephyr/libzephyr.a(printk.c.obj)
                              (--whole-archive)
zephyr/libzephyr.a(sem.c.obj)
                              (--whole-archive)
zephyr/libzephyr.a(thread_entry.c.obj)
                              (--whole-archive)
zephyr/libzephyr.a(cbprintf_complete.c.obj)
                              (--whole-archive)
zephyr/libzephyr.a(assert.c.obj)
                              (--whole-archive)
zephyr/libzephyr.a(dec.c.obj)
                              (--whole-archive)
zephyr/libzephyr.a(hex.c.obj)
                              (--whole-archive)
zephyr/libzephyr.a(rb.c.obj)  (--whole-archive)
zephyr/libzephyr.a(timeutil.c.obj)
                              (--whole-archive)
zephyr/libzephyr.a(bitarray.c.obj)
                              (--whole-archive)
zephyr/libzephyr.a(onoff.c.obj)
                              (--whole-archive)
zephyr/libzephyr.a(notify.c.obj)
                              (--whole-archive)
zephyr/libzephyr.a(ring_buffer.c.obj)
                              (--whole-archive)
zephyr/libzephyr.a(configs.c.obj)
                              (--whole-archive)
zephyr/libzephyr.a(mem_attr.c.obj)
                              (--whole-archive)
zephyr/libzephyr.a(tracing_none.c.obj)
                              (--whole-archive)
zephyr/arch/common/libarch__common.a(sw_isr_common.c.obj)
                              (--whole-archive)
zephyr/arch/arch/arm/core/libarch__arm__core.a(fatal.c.obj)
                              (--whole-archive)
zephyr/arch/arch/arm/core/libarch__arm__core.a(nmi.c.obj)
                              (--whole-archive)
zephyr/arch/arch/arm/core/libarch__arm__core.a(nmi_on_reset.S.obj)
                              (--whole-archive)
zephyr/arch/arch/arm/core/libarch__arm__core.a(tls.c.obj)
                              (--whole-archive)
zephyr/arch/arch/arm/core/cortex_m/libarch__arm__core__cortex_m.a(exc_exit.c.obj)
                              (--whole-archive)
zephyr/arch/arch/arm/core/cortex_m/libarch__arm__core__cortex_m.a(fault.c.obj)
                              (--whole-archive)
zephyr/arch/arch/arm/core/cortex_m/libarch__arm__core__cortex_m.a(fault_s.S.obj)
                              (--whole-archive)
zephyr/arch/arch/arm/core/cortex_m/libarch__arm__core__cortex_m.a(fpu.c.obj)
                              (--whole-archive)
zephyr/arch/arch/arm/core/cortex_m/libarch__arm__core__cortex_m.a(reset.S.obj)
                              (--whole-archive)
zephyr/arch/arch/arm/core/cortex_m/libarch__arm__core__cortex_m.a(scb.c.obj)
                              (--whole-archive)
zephyr/arch/arch/arm/core/cortex_m/libarch__arm__core__cortex_m.a(thread_abort.c.obj)
                              (--whole-archive)
zephyr/arch/arch/arm/core/cortex_m/libarch__arm__core__cortex_m.a(vector_table.S.obj)
                              (--whole-archive)
zephyr/arch/arch/arm/core/cortex_m/libarch__arm__core__cortex_m.a(swap_helper.S.obj)
                              (--whole-archive)
zephyr/arch/arch/arm/core/cortex_m/libarch__arm__core__cortex_m.a(irq_manage.c.obj)
                              (--whole-archive)
zephyr/arch/arch/arm/core/cortex_m/libarch__arm__core__cortex_m.a(prep_c.c.obj)
                              (--whole-archive)
zephyr/arch/arch/arm/core/cortex_m/libarch__arm__core__cortex_m.a(thread.c.obj)
                              (--whole-archive)
zephyr/arch/arch/arm/core/cortex_m/libarch__arm__core__cortex_m.a(cpu_idle.c.obj)
                              (--whole-archive)
zephyr/arch/arch/arm/core/cortex_m/libarch__arm__core__cortex_m.a(irq_init.c.obj)
                              (--whole-archive)
zephyr/arch/arch/arm/core/cortex_m/libarch__arm__core__cortex_m.a(isr_wrapper.c.obj)
                              (--whole-archive)
zephyr/arch/arch/arm/core/cortex_m/libarch__arm__core__cortex_m.a(__aeabi_read_tp.S.obj)
                              (--whole-archive)
zephyr/arch/arch/arm/core/cortex_m/cmse/libarch__arm__core__cortex_m__cmse.a(arm_core_cmse.c.obj)
                              (--whole-archive)
zephyr/arch/arch/arm/core/mpu/libarch__arm__core__mpu.a(arm_core_mpu.c.obj)
                              (--whole-archive)
zephyr/arch/arch/arm/core/mpu/libarch__arm__core__mpu.a(arm_mpu.c.obj)
                              (--whole-archive)
zephyr/arch/arch/arm/core/mpu/libarch__arm__core__mpu.a(arm_mpu_regions.c.obj)
                              (--whole-archive)
zephyr/lib/libc/picolibc/liblib__libc__picolibc.a(assert.c.obj)
                              (--whole-archive)
zephyr/lib/libc/picolibc/liblib__libc__picolibc.a(cbprintf.c.obj)
                              (--whole-archive)
[...]
Memory Configuration

Name             Origin             Length             Attributes
FLASH            0x0000000000000000 0x0000000000165000 xr
RAM              0x0000000020000000 0x000000000002f000 xw
IDT_LIST         0x00000000ffff7fff 0x0000000000008000 xw
*default*        0x0000000000000000 0xffffffffffffffff

Linker script and memory map

                0x00000000000065ec                vfprintf = __l_vfprintf
                0x0000000000000000                vfscanf = __l_vfscanf
LOAD zephyr/CMakeFiles/zephyr_final.dir/misc/empty_file.c.obj
LOAD zephyr/CMakeFiles/zephyr_final.dir/isr_tables.c.obj
LOAD zephyr/CMakeFiles/offsets.dir/./arch/arm/core/offsets/offsets.c.obj
LOAD app/libapp.a
LOAD zephyr/libzephyr.a
LOAD zephyr/arch/common/libarch__common.a
LOAD zephyr/arch/arch/arm/core/libarch__arm__core.a
LOAD zephyr/arch/arch/arm/core/cortex_m/libarch__arm__core__cortex_m.a
LOAD zephyr/arch/arch/arm/core/cortex_m/cmse/libarch__arm__core__cortex_m__cmse.a
LOAD zephyr/arch/arch/arm/core/mpu/libarch__arm__core__mpu.a
LOAD zephyr/lib/libc/picolibc/liblib__libc__picolibc.a
LOAD zephyr/lib/libc/common/liblib__libc__common.a
LOAD zephyr/soc/soc/nrf54l15/libsoc__nordic.a
LOAD zephyr/drivers/cache/libdrivers__cache.a
LOAD zephyr/drivers/clock_control/libdrivers__clock_control.a
LOAD zephyr/drivers/console/libdrivers__console.a
LOAD zephyr/drivers/gpio/libdrivers__gpio.a
LOAD zephyr/drivers/pinctrl/libdrivers__pinctrl.a
LOAD zephyr/drivers/serial/libdrivers__serial.a
LOAD zephyr/drivers/timer/libdrivers__timer.a
LOAD modules/hal_nordic/nrfx/libmodules__hal_nordic__nrfx.a
LOAD zephyr/kernel/libkernel.a
LOAD zephyr/arch/common/libisr_tables.a
LOAD /opt/zephyr-sdk-0.17.0/arm-zephyr-eabi/bin/../lib/gcc/../../picolibc/arm-zephyr-eabi/lib/thumb/v8-m.main/nofp/libc.a
LOAD /opt/zephyr-sdk-0.17.0/arm-zephyr-eabi/bin/../lib/gcc/arm-zephyr-eabi/12.2.0/thumb/v8-m.main/nofp/libgcc.a
                0x0000000000000020                _region_min_align = 0x20

.rel.plt        0x0000000000000000        0x0
 *(SORT_BY_ALIGNMENT(.rel.plt))
                [!provide]                        PROVIDE (__rel_iplt_start = .)
 *(SORT_BY_ALIGNMENT(.rel.iplt))
 .rel.iplt      0x0000000000000000        0x0 zephyr/CMakeFiles/zephyr_final.dir/isr_tables.c.obj
                [!provide]                        PROVIDE (__rel_iplt_end = .)

.rela.plt       0x0000000000000000        0x0
 *(SORT_BY_ALIGNMENT(.rela.plt))
                [!provide]                        PROVIDE (__rela_iplt_start = .)
 *(SORT_BY_ALIGNMENT(.rela.iplt))
                [!provide]                        PROVIDE (__rela_iplt_end = .)

.rel.dyn
 *(SORT_BY_ALIGNMENT(.rel.*))

.rela.dyn
 *(SORT_BY_ALIGNMENT(.rela.*))

/DISCARD/
 *(SORT_BY_ALIGNMENT(.plt))

/DISCARD/
 *(SORT_BY_ALIGNMENT(.iplt))
                0x0000000000000000                __rom_region_start = 0x0

rom_start       0x0000000000000000      0x47c
                0x0000000000000000                __rom_start_address = .
 FILL mask 0x00
                0x0000000000000000                . = (. + (0x0 - (. - __rom_start_address)))
                0x0000000000000000                . = ALIGN (0x4)
                0x0000000000000000                . = ALIGN (0x80)
                0x0000000000000000                . = ALIGN (0x800)
                0x0000000000000000                _vector_start = .
 *(SORT_BY_ALIGNMENT(.exc_vector_table))
 *(SORT_BY_ALIGNMENT(.exc_vector_table.*))
 .exc_vector_table._vector_table_section
                0x0000000000000000       0x40 zephyr/arch/arch/arm/core/cortex_m/libarch__arm__core__cortex_m.a(vector_table.S.obj)
                0x0000000000000000                _vector_table
 *(SORT_BY_ALIGNMENT(.vectors))
                0x000000000000047c                _vector_end = .
                0x0000000000000040                . = ALIGN (0x4)
 *(SORT_BY_ALIGNMENT(.gnu.linkonce.irq_vector_table*))
 .gnu.linkonce.irq_vector_table
                0x0000000000000040      0x43c zephyr/CMakeFiles/zephyr_final.dir/isr_tables.c.obj
                0x0000000000000040                _irq_vector_table
                0x000000000000047c                _vector_end = .

text            0x000000000000047c     0xca58
                0x000000000000047c                __text_region_start = .
 *(SORT_BY_ALIGNMENT(.text))
 .text          0x000000000000047c       0x30 /opt/zephyr-sdk-0.17.0/arm-zephyr-eabi/bin/../lib/gcc/arm-zephyr-eabi/12.2.0/thumb/v8-m.main/nofp/libgcc.a(_aeabi_uldivmod.o)
                0x000000000000047c                __aeabi_uldivmod
 .text          0x00000000000004ac        0x4 /opt/zephyr-sdk-0.17.0/arm-zephyr-eabi/bin/../lib/gcc/arm-zephyr-eabi/12.2.0/thumb/v8-m.main/nofp/libgcc.a(_dvmd_tls.o)
                0x00000000000004ac                __aeabi_ldiv0
                0x00000000000004ac                __aeabi_idiv0
 .text          0x00000000000004b0      0x29c /opt/zephyr-sdk-0.17.0/arm-zephyr-eabi/bin/../lib/gcc/arm-zephyr-eabi/12.2.0/thumb/v8-m.main/nofp/libgcc.a(_udivmoddi4.o)
                0x00000000000004b0                __udivmoddi4
 *(SORT_BY_ALIGNMENT(.text.*))
 .text.__printk_hook_install
                0x000000000000074c       0x1c zephyr/libzephyr.a(printk.c.obj)
                0x000000000000074c                __printk_hook_install
 .text.char_out
                0x0000000000000768       0x20 zephyr/libzephyr.a(printk.c.obj)
 .text.vprintk  0x0000000000000788       0x80 zephyr/libzephyr.a(printk.c.obj)
                0x0000000000000788                vprintk
 .text.z_impl_k_str_out
                0x0000000000000808       0x3c zephyr/libzephyr.a(printk.c.obj)
                0x0000000000000808                z_impl_k_str_out
 .text.k_current_get
                0x0000000000000844       0x18 zephyr/libzephyr.a(thread_entry.c.obj)
 .text.z_thread_entry
                0x000000000000085c       0x38 zephyr/libzephyr.a(thread_entry.c.obj)
                0x000000000000085c                z_thread_entry
 .text.process_event
                0x0000000000000894      0x294 zephyr/libzephyr.a(onoff.c.obj)
 .text.mem_attr_get_regions
                0x0000000000000b28       0x20 zephyr/libzephyr.a(mem_attr.c.obj)
                0x0000000000000b28                mem_attr_get_regions
 .text.z_SysNmiOnReset
                0x0000000000000b48        0x8 zephyr/arch/arch/arm/core/libarch__arm__core.a(nmi_on_reset.S.obj)
                0x0000000000000b48                z_SysNmiOnReset
 .text.z_tls_data_size
                0x0000000000000b50       0x1c zephyr/arch/arch/arm/core/libarch__arm__core.a(tls.c.obj)
 .text.z_tls_copy
                0x0000000000000b6c       0x3c zephyr/arch/arch/arm/core/libarch__arm__core.a(tls.c.obj)
 .text._HandlerModeExit
                0x0000000000000ba8       0x2c zephyr/arch/arch/arm/core/cortex_m/libarch__arm__core__cortex_m.a(exc_exit.c.obj)
                0x0000000000000ba8                z_arm_exc_exit
                0x0000000000000ba8                z_arm_int_exit
 .text.mem_manage_fault
                0x0000000000000bd4       0xf0 zephyr/arch/arch/arm/core/cortex_m/libarch__arm__core__cortex_m.a(fault.c.obj)
 .text.bus_fault
                0x0000000000000cc4       0xd0 zephyr/arch/arch/arm/core/cortex_m/libarch__arm__core__cortex_m.a(fault.c.obj)
 .text.usage_fault
                0x0000000000000d94       0xb0 zephyr/arch/arch/arm/core/cortex_m/libarch__arm__core__cortex_m.a(fault.c.obj)
 .text.z_arm_is_synchronous_svc
                0x0000000000000e44       0x80 zephyr/arch/arch/arm/core/cortex_m/libarch__arm__core__cortex_m.a(fault.c.obj)
 .text.hard_fault
                0x0000000000000ec4       0xac zephyr/arch/arch/arm/core/cortex_m/libarch__arm__core__cortex_m.a(fault.c.obj)
 .text.fault_handle
                0x0000000000000f70       0xb4 zephyr/arch/arch/arm/core/cortex_m/libarch__arm__core__cortex_m.a(fault.c.obj)
 .text.z_arm_fault
                0x0000000000001024       0xbc zephyr/arch/arch/arm/core/cortex_m/libarch__arm__core__cortex_m.a(fault.c.obj)
                0x0000000000001024                z_arm_fault
 .text.z_arm_fault_init
                0x00000000000010e0       0x34 zephyr/arch/arch/arm/core/cortex_m/libarch__arm__core__cortex_m.a(fault.c.obj)
                0x00000000000010e0                z_arm_fault_init
 .text.__fault  0x0000000000001114       0x14 zephyr/arch/arch/arm/core/cortex_m/libarch__arm__core__cortex_m.a(fault_s.S.obj)
                0x0000000000001114                z_arm_bus_fault
                0x0000000000001114                z_arm_usage_fault
                0x0000000000001114                z_arm_mpu_fault
                0x0000000000001114                z_arm_exc_spurious
                0x0000000000001114                z_arm_debug_monitor
                0x0000000000001114                z_arm_hard_fault
 .text._reset_section
                0x0000000000001128       0x30 zephyr/arch/arch/arm/core/cortex_m/libarch__arm__core__cortex_m.a(reset.S.obj)
                0x0000000000001128                z_arm_reset
                0x0000000000001128                __start
 .text.z_impl_k_thread_abort
                0x0000000000001158       0x58 zephyr/arch/arch/arm/core/cortex_m/libarch__arm__core__cortex_m.a(thread_abort.c.obj)
                0x0000000000001158                z_impl_k_thread_abort
 .text.z_arm_pendsv
                0x00000000000011b0       0x60 zephyr/arch/arch/arm/core/cortex_m/libarch__arm__core__cortex_m.a(swap_helper.S.obj)
                0x00000000000011b0                z_arm_pendsv
 .text.z_arm_svc
                0x0000000000001210       0x24 zephyr/arch/arch/arm/core/cortex_m/libarch__arm__core__cortex_m.a(swap_helper.S.obj)
                0x0000000000001210                z_arm_svc
 .text.__NVIC_EnableIRQ
                0x0000000000001234       0x38 zephyr/arch/arch/arm/core/cortex_m/libarch__arm__core__cortex_m.a(irq_manage.c.obj)
 .text.__NVIC_SetPriority
                0x000000000000126c       0x54 zephyr/arch/arch/arm/core/cortex_m/libarch__arm__core__cortex_m.a(irq_manage.c.obj)
 .text.arch_irq_is_enabled
                0x00000000000012c0       0x30 zephyr/arch/arch/arm/core/cortex_m/libarch__arm__core__cortex_m.a(irq_manage.c.obj)
                0x00000000000012c0                arch_irq_is_enabled
 .text.relocate_vector_table
                0x00000000000012f0       0x34 zephyr/arch/arch/arm/core/cortex_m/libarch__arm__core__cortex_m.a(prep_c.c.obj)
 .text.z_arm_floating_point_init
                0x0000000000001324       0x40 zephyr/arch/arch/arm/core/cortex_m/libarch__arm__core__cortex_m.a(prep_c.c.obj)
 .text.arch_new_thread
                0x0000000000001364       0x60 zephyr/arch/arch/arm/core/cortex_m/libarch__arm__core__cortex_m.a(thread.c.obj)
                0x0000000000001364                arch_new_thread
 .text.arch_switch_to_main_thread
                0x00000000000013c4       0x58 zephyr/arch/arch/arm/core/cortex_m/libarch__arm__core__cortex_m.a(thread.c.obj)
                0x00000000000013c4                arch_switch_to_main_thread
 .text.z_arm_cpu_idle_init
                0x000000000000141c       0x18 zephyr/arch/arch/arm/core/cortex_m/libarch__arm__core__cortex_m.a(cpu_idle.c.obj)
                0x000000000000141c                z_arm_cpu_idle_init
 .text.__NVIC_SetPriority
                0x0000000000001434       0x54 zephyr/arch/arch/arm/core/cortex_m/libarch__arm__core__cortex_m.a(irq_init.c.obj)
 .text._isr_wrapper
                0x0000000000001488       0x3c zephyr/arch/arch/arm/core/cortex_m/libarch__arm__core__cortex_m.a(isr_wrapper.c.obj)
                0x0000000000001488                _isr_wrapper
 .text.z_arm_configure_static_mpu_regions
                0x00000000000014c4       0x4c zephyr/arch/arch/arm/core/mpu/libarch__arm__core__mpu.a(arm_core_mpu.c.obj)
                0x00000000000014c4                z_arm_configure_static_mpu_regions
 .text.ARM_MPU_ClrRegion
                0x0000000000001510       0x1c zephyr/arch/arch/arm/core/mpu/libarch__arm__core__mpu.a(arm_mpu.c.obj)
 .text.mpu_set_mair0
                0x000000000000152c       0x1c zephyr/arch/arch/arm/core/mpu/libarch__arm__core__mpu.a(arm_mpu.c.obj)
 .text.mpu_set_rnr
                0x0000000000001548       0x1c zephyr/arch/arch/arm/core/mpu/libarch__arm__core__mpu.a(arm_mpu.c.obj)
 .text.mpu_set_rbar
                0x0000000000001564       0x1c zephyr/arch/arch/arm/core/mpu/libarch__arm__core__mpu.a(arm_mpu.c.obj)
 .text.mpu_get_rbar
                0x0000000000001580       0x14 zephyr/arch/arch/arm/core/mpu/libarch__arm__core__mpu.a(arm_mpu.c.obj)
 .text.mpu_set_rlar
                0x0000000000001594       0x1c zephyr/arch/arch/arm/core/mpu/libarch__arm__core__mpu.a(arm_mpu.c.obj)
 .text.mpu_get_rlar
                0x00000000000015b0       0x14 zephyr/arch/arch/arm/core/mpu/libarch__arm__core__mpu.a(arm_mpu.c.obj)
 .text.mpu_get_num_regions
                0x00000000000015c4       0x28 zephyr/arch/arch/arm/core/mpu/libarch__arm__core__mpu.a(arm_mpu.c.obj)
 .text.mpu_init
                0x00000000000015ec       0x14 zephyr/arch/arch/arm/core/mpu/libarch__arm__core__mpu.a(arm_mpu.c.obj)
 .text.mpu_configure_static_mpu_regions
                0x0000000000001600       0x3c zephyr/arch/arch/arm/core/mpu/libarch__arm__core__mpu.a(arm_mpu.c.obj)
 .text.mpu_mark_areas_for_dynamic_regions
                0x000000000000163c       0xec zephyr/arch/arch/arm/core/mpu/libarch__arm__core__mpu.a(arm_mpu.c.obj)
 .text.arm_core_mpu_enable
                0x0000000000001728       0x2c zephyr/arch/arch/arm/core/mpu/libarch__arm__core__mpu.a(arm_mpu.c.obj)
                0x0000000000001728                arm_core_mpu_enable
 .text.arm_core_mpu_disable
                0x0000000000001754       0x20 zephyr/arch/arch/arm/core/mpu/libarch__arm__core__mpu.a(arm_mpu.c.obj)
                0x0000000000001754                arm_core_mpu_disable
 .text.z_arm_mpu_init
                0x0000000000001774       0xa4 zephyr/arch/arch/arm/core/mpu/libarch__arm__core__mpu.a(arm_mpu.c.obj)
                0x0000000000001774                z_arm_mpu_init
 .text.z_impl_zephyr_fputc
                0x0000000000001818       0x20 zephyr/lib/libc/picolibc/liblib__libc__picolibc.a(stdio.c.obj)
                0x0000000000001818                z_impl_zephyr_fputc
 .text.__stdout_hook_install
                0x0000000000001838       0x30 zephyr/lib/libc/picolibc/liblib__libc__picolibc.a(stdio.c.obj)
                0x0000000000001838                __stdout_hook_install
 .text.malloc_prepare
                0x0000000000001868       0x44 zephyr/lib/libc/common/liblib__libc__common.a(malloc.c.obj)
 .text.nrf54l_errata_31
                0x00000000000018ac       0x3c zephyr/soc/soc/nrf54l15/libsoc__nordic.a(soc.c.obj)
 .text.nrfx_coredep_delay_us
                0x00000000000018e8       0x48 zephyr/soc/soc/nrf54l15/libsoc__nordic.a(soc.c.obj)
 .text.nordicsemi_nrf54l_init
                0x0000000000001930      0x164 zephyr/soc/soc/nrf54l15/libsoc__nordic.a(soc.c.obj)
 .text.cache_instr_enable
                0x0000000000001a94       0x14 zephyr/drivers/cache/libdrivers__cache.a(cache_nrf.c.obj)
                0x0000000000001a94                cache_instr_enable
 .text.__NVIC_ClearPendingIRQ
                0x0000000000001aa8       0x3c zephyr/drivers/clock_control/libdrivers__clock_control.a(clock_control_nrf.c.obj)
 .text.k_is_pre_kernel
                0x0000000000001ae4       0x2c zephyr/drivers/clock_control/libdrivers__clock_control.a(clock_control_nrf.c.obj)
 .text.nrfx_clock_is_running
                0x0000000000001b10       0x28 zephyr/drivers/clock_control/libdrivers__clock_control.a(clock_control_nrf.c.obj)
 .text.hfclk_start
                0x0000000000001b38       0x18 zephyr/drivers/clock_control/libdrivers__clock_control.a(clock_control_nrf.c.obj)
 .text.hfclk_stop
                0x0000000000001b50       0x18 zephyr/drivers/clock_control/libdrivers__clock_control.a(clock_control_nrf.c.obj)
 .text.get_hf_flags
                0x0000000000001b68       0x1c zephyr/drivers/clock_control/libdrivers__clock_control.a(clock_control_nrf.c.obj)
 .text.generic_hfclk_start
                0x0000000000001b84       0xa0 zephyr/drivers/clock_control/libdrivers__clock_control.a(clock_control_nrf.c.obj)
 .text.generic_hfclk_stop
                0x0000000000001c24       0x68 zephyr/drivers/clock_control/libdrivers__clock_control.a(clock_control_nrf.c.obj)
 .text.api_blocking_start
                0x0000000000001c8c       0x5c zephyr/drivers/clock_control/libdrivers__clock_control.a(clock_control_nrf.c.obj)
 .text.get_subsys
                0x0000000000001ce8       0x30 zephyr/drivers/clock_control/libdrivers__clock_control.a(clock_control_nrf.c.obj)
 .text.onoff_stop
                0x0000000000001d18       0x34 zephyr/drivers/clock_control/libdrivers__clock_control.a(clock_control_nrf.c.obj)
 .text.onoff_start
                0x0000000000001d4c       0x40 zephyr/drivers/clock_control/libdrivers__clock_control.a(clock_control_nrf.c.obj)
 .text.lfclk_spinwait
                0x0000000000001d8c      0x15c zephyr/drivers/clock_control/libdrivers__clock_control.a(clock_control_nrf.c.obj)
 .text.z_nrf_clock_control_lf_on
                0x0000000000001ee8       0x64 zephyr/drivers/clock_control/libdrivers__clock_control.a(clock_control_nrf.c.obj)
                0x0000000000001ee8                z_nrf_clock_control_lf_on
 .text.clock_event_handler
                0x0000000000001f4c       0x80 zephyr/drivers/clock_control/libdrivers__clock_control.a(clock_control_nrf.c.obj)
 .text.clk_init
                0x0000000000001fcc       0x8c zephyr/drivers/clock_control/libdrivers__clock_control.a(clock_control_nrf.c.obj)
 .text.console_out
                0x0000000000002058       0x58 zephyr/drivers/console/libdrivers__console.a(uart_console.c.obj)
 .text.uart_console_hook_install
                0x00000000000020b0       0x18 zephyr/drivers/console/libdrivers__console.a(uart_console.c.obj)
 .text.uart_console_init
                0x00000000000020c8       0x2c zephyr/drivers/console/libdrivers__console.a(uart_console.c.obj)
 .text.nrf_gpio_pin_port_decode
                0x00000000000020f4       0x4c zephyr/drivers/gpio/libdrivers__gpio.a(gpio_nrfx.c.obj)
 .text.gpio_nrfx_pin_configure
                0x0000000000002140      0x2b8 zephyr/drivers/gpio/libdrivers__gpio.a(gpio_nrfx.c.obj)
 .text.gpio_nrfx_pin_interrupt_configure
                0x00000000000023f8      0x128 zephyr/drivers/gpio/libdrivers__gpio.a(gpio_nrfx.c.obj)
 .text.get_dev  0x0000000000002520       0x48 zephyr/drivers/gpio/libdrivers__gpio.a(gpio_nrfx.c.obj)
 .text.gpio_nrfx_init
                0x0000000000002568       0x8c zephyr/drivers/gpio/libdrivers__gpio.a(gpio_nrfx.c.obj)
 .text.nrf_gpio_pin_port_decode
                0x00000000000025f4       0x4c zephyr/drivers/pinctrl/libdrivers__pinctrl.a(pinctrl_nrf.c.obj)
 .text.nrf_gpio_cfg
                0x0000000000002640       0x7c zephyr/drivers/pinctrl/libdrivers__pinctrl.a(pinctrl_nrf.c.obj)
 .text.pinctrl_configure_pins
                0x00000000000026bc      0x32c zephyr/drivers/pinctrl/libdrivers__pinctrl.a(pinctrl_nrf.c.obj)
                0x00000000000026bc                pinctrl_configure_pins
 .text.k_is_pre_kernel
                0x00000000000029e8       0x2c zephyr/drivers/serial/libdrivers__serial.a(uart_nrfx_uarte.c.obj)
 .text.uarte_instance_init
                0x0000000000002a14       0x5c zephyr/drivers/serial/libdrivers__serial.a(uart_nrfx_uarte.c.obj)
 .text.nrfx_grtc_clock_source_set
                0x0000000000002a70       0x20 zephyr/drivers/timer/libdrivers__timer.a(nrf_grtc_timer.c.obj)
 .text.system_timeout_set_abs
                0x0000000000002a90       0x24 zephyr/drivers/timer/libdrivers__timer.a(nrf_grtc_timer.c.obj)
 .text.sys_clock_timeout_handler
                0x0000000000002ab4       0x8c zephyr/drivers/timer/libdrivers__timer.a(nrf_grtc_timer.c.obj)
 .text.sys_clock_elapsed
                0x0000000000002b40       0x2c zephyr/drivers/timer/libdrivers__timer.a(nrf_grtc_timer.c.obj)
                0x0000000000002b40                sys_clock_elapsed
 .text.sys_clock_driver_init
                0x0000000000002b6c       0x80 zephyr/drivers/timer/libdrivers__timer.a(nrf_grtc_timer.c.obj)
 .text.sys_clock_set_timeout
                0x0000000000002bec       0xcc zephyr/drivers/timer/libdrivers__timer.a(nrf_grtc_timer.c.obj)
                0x0000000000002bec                sys_clock_set_timeout
 .text.nrf54l_errata_31
                0x0000000000002cb8       0x3c modules/hal_nordic/nrfx/libmodules__hal_nordic__nrfx.a(system_nrf54l.c.obj)
 .text.nrf54l_errata_32
                0x0000000000002cf4       0x3c modules/hal_nordic/nrfx/libmodules__hal_nordic__nrfx.a(system_nrf54l.c.obj)
 .text.nrf54l_handle_approtect_signal
                0x0000000000002d30       0x60 modules/hal_nordic/nrfx/libmodules__hal_nordic__nrfx.a(system_nrf54l.c.obj)
 .text.nrf54l_handle_secureapprotect_signal
                0x0000000000002d90       0x60 modules/hal_nordic/nrfx/libmodules__hal_nordic__nrfx.a(system_nrf54l.c.obj)
 .text.nrf54l_handle_approtect
                0x0000000000002df0       0x3c modules/hal_nordic/nrfx/libmodules__hal_nordic__nrfx.a(system_nrf54l.c.obj)
 .text.SystemInit
                0x0000000000002e2c      0x10c modules/hal_nordic/nrfx/libmodules__hal_nordic__nrfx.a(system_nrf54l.c.obj)
                0x0000000000002e2c                SystemInit
 .text.nrfx_flag32_alloc
                0x0000000000002f38       0x68 modules/hal_nordic/nrfx/libmodules__hal_nordic__nrfx.a(nrfx_flag32_allocator.c.obj)
                0x0000000000002f38                nrfx_flag32_alloc
 .text.nrfx_flag32_free
                0x0000000000002fa0       0x64 modules/hal_nordic/nrfx/libmodules__hal_nordic__nrfx.a(nrfx_flag32_allocator.c.obj)
                0x0000000000002fa0                nrfx_flag32_free
 .text.nrfx_clock_is_running
                0x0000000000003004       0x28 modules/hal_nordic/nrfx/libmodules__hal_nordic__nrfx.a(nrfx_clock.c.obj)
 .text.clock_stop
                0x000000000000302c       0xc0 modules/hal_nordic/nrfx/libmodules__hal_nordic__nrfx.a(nrfx_clock.c.obj)
 .text.nrfx_clock_init
                0x00000000000030ec       0x40 modules/hal_nordic/nrfx/libmodules__hal_nordic__nrfx.a(nrfx_clock.c.obj)
                0x00000000000030ec                nrfx_clock_init
 .text.nrfx_clock_enable
                0x000000000000312c       0x2c modules/hal_nordic/nrfx/libmodules__hal_nordic__nrfx.a(nrfx_clock.c.obj)
                0x000000000000312c                nrfx_clock_enable
 .text.nrfx_clock_start
                0x0000000000003158      0x11c modules/hal_nordic/nrfx/libmodules__hal_nordic__nrfx.a(nrfx_clock.c.obj)
                0x0000000000003158                nrfx_clock_start
 .text.nrfx_power_clock_irq_handler
                0x0000000000003274      0x174 modules/hal_nordic/nrfx/libmodules__hal_nordic__nrfx.a(nrfx_clock.c.obj)
                0x0000000000003274                nrfx_power_clock_irq_handler
 .text.nrf_gpiote_task_configure
                0x00000000000033e8       0x74 modules/hal_nordic/nrfx/libmodules__hal_nordic__nrfx.a(nrfx_gpiote.c.obj)
 .text.nrf_gpio_pin_port_decode
                0x000000000000345c       0x4c modules/hal_nordic/nrfx/libmodules__hal_nordic__nrfx.a(nrfx_gpiote.c.obj)
 .text.nrf_gpio_cfg
                0x00000000000034a8       0x7c modules/hal_nordic/nrfx/libmodules__hal_nordic__nrfx.a(nrfx_gpiote.c.obj)
 .text.nrf_gpio_latches_read_and_clear
                0x0000000000003524       0x6c modules/hal_nordic/nrfx/libmodules__hal_nordic__nrfx.a(nrfx_gpiote.c.obj)
 .text.get_pin_idx
                0x0000000000003590       0x2c modules/hal_nordic/nrfx/libmodules__hal_nordic__nrfx.a(nrfx_gpiote.c.obj)
 .text.get_cb   0x00000000000035bc       0x24 modules/hal_nordic/nrfx/libmodules__hal_nordic__nrfx.a(nrfx_gpiote.c.obj)
 .text.pin_handler_set
                0x00000000000035e0       0xd0 modules/hal_nordic/nrfx/libmodules__hal_nordic__nrfx.a(nrfx_gpiote.c.obj)
 .text.pin_uninit
                0x00000000000036b0       0x4c modules/hal_nordic/nrfx/libmodules__hal_nordic__nrfx.a(nrfx_gpiote.c.obj)
 .text.gpiote_input_configure
                0x00000000000036fc      0x210 modules/hal_nordic/nrfx/libmodules__hal_nordic__nrfx.a(nrfx_gpiote.c.obj)
 .text.gpiote_output_configure
                0x000000000000390c      0x14c modules/hal_nordic/nrfx/libmodules__hal_nordic__nrfx.a(nrfx_gpiote.c.obj)
 .text.gpiote_channel_get
                0x0000000000003a58       0x58 modules/hal_nordic/nrfx/libmodules__hal_nordic__nrfx.a(nrfx_gpiote.c.obj)
 .text.gpiote_init
                0x0000000000003ab0       0x78 modules/hal_nordic/nrfx/libmodules__hal_nordic__nrfx.a(nrfx_gpiote.c.obj)
 .text.latch_pending_read_and_check
                0x0000000000003b28       0x68 modules/hal_nordic/nrfx/libmodules__hal_nordic__nrfx.a(nrfx_gpiote.c.obj)
 .text.port_event_handle
                0x0000000000003b90      0x110 modules/hal_nordic/nrfx/libmodules__hal_nordic__nrfx.a(nrfx_gpiote.c.obj)
 .text.nrfx_gpiote_20_irq_handler
                0x0000000000003ca0       0x18 modules/hal_nordic/nrfx/libmodules__hal_nordic__nrfx.a(nrfx_gpiote.c.obj)
                0x0000000000003ca0                nrfx_gpiote_20_irq_handler
 .text.nrfx_gpiote_30_irq_handler
                0x0000000000003cb8       0x18 modules/hal_nordic/nrfx/libmodules__hal_nordic__nrfx.a(nrfx_gpiote.c.obj)
                0x0000000000003cb8                nrfx_gpiote_30_irq_handler
 .text.nrfx_coredep_delay_us
                0x0000000000003cd0       0x48 modules/hal_nordic/nrfx/libmodules__hal_nordic__nrfx.a(nrfx_grtc.c.obj)
 .text.allocated_channels_mask_get
                0x0000000000003d18       0x1c modules/hal_nordic/nrfx/libmodules__hal_nordic__nrfx.a(nrfx_grtc.c.obj)
 .text.used_channels_mask_get
                0x0000000000003d34       0x18 modules/hal_nordic/nrfx/libmodules__hal_nordic__nrfx.a(nrfx_grtc.c.obj)
 .text.is_syscounter_running
                0x0000000000003d4c       0x14 modules/hal_nordic/nrfx/libmodules__hal_nordic__nrfx.a(nrfx_grtc.c.obj)
 .text.channel_used_mark
                0x0000000000003d60       0x2c modules/hal_nordic/nrfx/libmodules__hal_nordic__nrfx.a(nrfx_grtc.c.obj)
 .text.syscounter_check
                0x0000000000003d8c       0x50 modules/hal_nordic/nrfx/libmodules__hal_nordic__nrfx.a(nrfx_grtc.c.obj)
 .text.cc_channel_prepare
                0x0000000000003ddc       0x80 modules/hal_nordic/nrfx/libmodules__hal_nordic__nrfx.a(nrfx_grtc.c.obj)
 .text.sleep_configure
                0x0000000000003e5c       0x38 modules/hal_nordic/nrfx/libmodules__hal_nordic__nrfx.a(nrfx_grtc.c.obj)
 .text.ready_check
                0x0000000000003e94       0x14 modules/hal_nordic/nrfx/libmodules__hal_nordic__nrfx.a(nrfx_grtc.c.obj)
 .text.nrfx_grtc_syscounter_get
                0x0000000000003ea8       0x94 modules/hal_nordic/nrfx/libmodules__hal_nordic__nrfx.a(nrfx_grtc.c.obj)
                0x0000000000003ea8                nrfx_grtc_syscounter_get
 .text.nrfx_grtc_init
                0x0000000000003f3c       0xc4 modules/hal_nordic/nrfx/libmodules__hal_nordic__nrfx.a(nrfx_grtc.c.obj)
                0x0000000000003f3c                nrfx_grtc_init
 .text.nrfx_grtc_syscounter_start
                0x0000000000004000       0xd8 modules/hal_nordic/nrfx/libmodules__hal_nordic__nrfx.a(nrfx_grtc.c.obj)
                0x0000000000004000                nrfx_grtc_syscounter_start
 .text.nrfx_grtc_syscounter_cc_absolute_set
                0x00000000000040d8       0xac modules/hal_nordic/nrfx/libmodules__hal_nordic__nrfx.a(nrfx_grtc.c.obj)
                0x00000000000040d8                nrfx_grtc_syscounter_cc_absolute_set
 .text.grtc_irq_handler
                0x0000000000004184       0xd4 modules/hal_nordic/nrfx/libmodules__hal_nordic__nrfx.a(nrfx_grtc.c.obj)
 .text.z_device_state_init
                0x0000000000004258       0x3c zephyr/kernel/libkernel.a(device.c.obj)
                0x0000000000004258                z_device_state_init
 .text.z_fatal_error
                0x0000000000004294       0xa4 zephyr/kernel/libkernel.a(fatal.c.obj)
                0x0000000000004294                z_fatal_error
 .text.__NVIC_SetPriority
                0x0000000000004338       0x54 zephyr/kernel/libkernel.a(init.c.obj)
 .text.z_add_thread_timeout
                0x000000000000438c       0x28 zephyr/kernel/libkernel.a(init.c.obj)
 .text.z_init_static_threads
                0x00000000000043b4       0xd4 zephyr/kernel/libkernel.a(init.c.obj)
 .text.z_bss_zero
                0x0000000000004488       0x20 zephyr/kernel/libkernel.a(init.c.obj)
                0x0000000000004488                z_bss_zero
 .text.z_sys_init_run_level
                0x00000000000044a8       0x58 zephyr/kernel/libkernel.a(init.c.obj)
 .text.bg_thread_main
                0x0000000000004500       0x44 zephyr/kernel/libkernel.a(init.c.obj)
 .text.init_idle_thread
                0x0000000000004544       0x7c zephyr/kernel/libkernel.a(init.c.obj)
 .text.z_init_cpu
                0x00000000000045c0       0x7c zephyr/kernel/libkernel.a(init.c.obj)
                0x00000000000045c0                z_init_cpu
 .text.prepare_multithreading
                0x000000000000463c       0x68 zephyr/kernel/libkernel.a(init.c.obj)
 .text.switch_to_main_thread
                0x00000000000046a4       0x1c zephyr/kernel/libkernel.a(init.c.obj)
 .text.z_cstart
                0x00000000000046c0       0xd4 zephyr/kernel/libkernel.a(init.c.obj)
                0x00000000000046c0                z_cstart
 .text.z_impl_k_sem_give
                0x0000000000004794      0x118 zephyr/kernel/libkernel.a(sem.c.obj)
                0x0000000000004794                z_impl_k_sem_give
 .text.z_impl_k_sem_take
                0x00000000000048ac       0xe8 zephyr/kernel/libkernel.a(sem.c.obj)
                0x00000000000048ac                z_impl_k_sem_take
 .text.z_setup_new_thread
                0x0000000000004994       0x78 zephyr/kernel/libkernel.a(thread.c.obj)
                0x0000000000004994                z_setup_new_thread
 .text.z_dummy_thread_init
                0x0000000000004a0c       0x3c zephyr/kernel/libkernel.a(thread.c.obj)
                0x0000000000004a0c                z_dummy_thread_init
 .text.z_add_thread_timeout
                0x0000000000004a48       0x28 zephyr/kernel/libkernel.a(sched.c.obj)
 .text.z_sched_lock
                0x0000000000004a70       0x1c zephyr/kernel/libkernel.a(sched.c.obj)
 .text.z_swap_irqlock
                0x0000000000004a8c       0x60 zephyr/kernel/libkernel.a(sched.c.obj)
 .text.move_thread_to_end_of_prio_q
                0x0000000000004aec      0x1dc zephyr/kernel/libkernel.a(sched.c.obj)
                0x0000000000004aec                move_thread_to_end_of_prio_q
 .text.ready_thread
                0x0000000000004cc8      0x1b0 zephyr/kernel/libkernel.a(sched.c.obj)
 .text.z_ready_thread
                0x0000000000004e78       0x90 zephyr/kernel/libkernel.a(sched.c.obj)
                0x0000000000004e78                z_ready_thread
 .text.thread_halt_spin
                0x0000000000004f08      0x254 zephyr/kernel/libkernel.a(sched.c.obj)
 .text.unready_thread
                0x000000000000515c      0x120 zephyr/kernel/libkernel.a(sched.c.obj)
 .text.z_sched_wake_thread
                0x000000000000527c       0xbc zephyr/kernel/libkernel.a(sched.c.obj)
                0x000000000000527c                z_sched_wake_thread
 .text.z_pend_curr
                0x0000000000005338       0x84 zephyr/kernel/libkernel.a(sched.c.obj)
                0x0000000000005338                z_pend_curr
 .text.need_swap
                0x00000000000053bc       0x2c zephyr/kernel/libkernel.a(sched.c.obj)
 .text.k_sched_lock
                0x00000000000053e8       0x80 zephyr/kernel/libkernel.a(sched.c.obj)
                0x00000000000053e8                k_sched_lock
 .text.k_sched_unlock
                0x0000000000005468      0x14c zephyr/kernel/libkernel.a(sched.c.obj)
                0x0000000000005468                k_sched_unlock
 .text.z_sched_init
                0x00000000000055b4       0x14 zephyr/kernel/libkernel.a(sched.c.obj)
                0x00000000000055b4                z_sched_init
 .text.z_impl_k_yield
                0x00000000000055c8      0x19c zephyr/kernel/libkernel.a(sched.c.obj)
                0x00000000000055c8                z_impl_k_yield
 .text.z_tick_sleep
                0x0000000000005764      0x10c zephyr/kernel/libkernel.a(sched.c.obj)
 .text.z_impl_k_wakeup
                0x0000000000005870       0x94 zephyr/kernel/libkernel.a(sched.c.obj)
                0x0000000000005870                z_impl_k_wakeup
 .text.z_impl_k_sched_current_thread_query
                0x0000000000005904       0x14 zephyr/kernel/libkernel.a(sched.c.obj)
                0x0000000000005904                z_impl_k_sched_current_thread_query
 .text.z_thread_abort
                0x0000000000005918      0x46c zephyr/kernel/libkernel.a(sched.c.obj)
                0x0000000000005918                z_thread_abort
 .text.z_is_idle_thread_object
                0x0000000000005d84       0x24 zephyr/kernel/libkernel.a(timeslicing.c.obj)
 .text.slice_time
                0x0000000000005da8       0x20 zephyr/kernel/libkernel.a(timeslicing.c.obj)
 .text.thread_is_sliceable
                0x0000000000005dc8       0x84 zephyr/kernel/libkernel.a(timeslicing.c.obj)
                0x0000000000005dc8                thread_is_sliceable
 .text.slice_timeout
                0x0000000000005e4c       0x38 zephyr/kernel/libkernel.a(timeslicing.c.obj)
 .text.z_reset_time_slice
                0x0000000000005e84       0x80 zephyr/kernel/libkernel.a(timeslicing.c.obj)
                0x0000000000005e84                z_reset_time_slice
 .text.z_time_slice
                0x0000000000005f04       0xe8 zephyr/kernel/libkernel.a(timeslicing.c.obj)
                0x0000000000005f04                z_time_slice
 .text.z_data_copy
                0x0000000000005fec       0x40 zephyr/kernel/libkernel.a(xip.c.obj)
                0x0000000000005fec                z_data_copy
 .text.first    0x000000000000602c       0x1c zephyr/kernel/libkernel.a(timeout.c.obj)
 .text.next     0x0000000000006048       0x24 zephyr/kernel/libkernel.a(timeout.c.obj)
 .text.elapsed  0x000000000000606c       0x20 zephyr/kernel/libkernel.a(timeout.c.obj)
 .text.z_add_timeout
                0x000000000000608c      0x1f0 zephyr/kernel/libkernel.a(timeout.c.obj)
                0x000000000000608c                z_add_timeout
 .text.z_abort_timeout
                0x000000000000627c       0xc4 zephyr/kernel/libkernel.a(timeout.c.obj)
                0x000000000000627c                z_abort_timeout
 .text.sys_clock_announce
                0x0000000000006340      0x1e8 zephyr/kernel/libkernel.a(timeout.c.obj)
                0x0000000000006340                sys_clock_announce
 .text.sys_clock_tick_get
                0x0000000000006528       0xb0 zephyr/kernel/libkernel.a(timeout.c.obj)
                0x0000000000006528                sys_clock_tick_get
 .text.boot_banner
                0x00000000000065d8       0x14 zephyr/kernel/libkernel.a(banner.c.obj)
                0x00000000000065d8                boot_banner
 .text.__l_vfprintf
                0x00000000000065ec      0x4b4 /opt/zephyr-sdk-0.17.0/arm-zephyr-eabi/bin/../lib/gcc/../../picolibc/arm-zephyr-eabi/lib/thumb/v8-m.main/nofp/libc.a(libc_tinystdio_vflprintf.c.o)
                0x00000000000065ec                __l_vfprintf
 .text._OffsetAbsSyms
                0x0000000000006aa0        0xc zephyr/CMakeFiles/offsets.dir/./arch/arm/core/offsets/offsets.c.obj
                0x0000000000006aa0                _OffsetAbsSyms
 .text.main     0x0000000000006aac        0xe app/libapp.a(main.c.obj)
                0x0000000000006aac                main
 .text.big_heap_chunks
                0x0000000000006aba       0x14 zephyr/libzephyr.a(heap.c.obj)
 .text.big_heap_bytes
                0x0000000000006ace       0x1c zephyr/libzephyr.a(heap.c.obj)
 .text.big_heap
                0x0000000000006aea       0x1c zephyr/libzephyr.a(heap.c.obj)
 .text.chunk_buf
                0x0000000000006b06       0x14 zephyr/libzephyr.a(heap.c.obj)
 .text.chunk_field
                0x0000000000006b1a       0x4a zephyr/libzephyr.a(heap.c.obj)
 .text.chunk_set
                0x0000000000006b64       0x52 zephyr/libzephyr.a(heap.c.obj)
 .text.chunk_size
                0x0000000000006bb6       0x20 zephyr/libzephyr.a(heap.c.obj)
 .text.set_chunk_used
                0x0000000000006bd6       0x8a zephyr/libzephyr.a(heap.c.obj)
 .text.set_chunk_size
                0x0000000000006c60       0x22 zephyr/libzephyr.a(heap.c.obj)
 .text.prev_free_chunk
                0x0000000000006c82       0x1e zephyr/libzephyr.a(heap.c.obj)
 .text.set_prev_free_chunk
                0x0000000000006ca0       0x20 zephyr/libzephyr.a(heap.c.obj)
 .text.set_next_free_chunk
                0x0000000000006cc0       0x20 zephyr/libzephyr.a(heap.c.obj)
 .text.set_left_chunk_size
                0x0000000000006ce0       0x20 zephyr/libzephyr.a(heap.c.obj)
 .text.solo_free_header
                0x0000000000006d00       0x38 zephyr/libzephyr.a(heap.c.obj)
 .text.chunk_header_bytes
                0x0000000000006d38       0x22 zephyr/libzephyr.a(heap.c.obj)
 .text.heap_footer_bytes
                0x0000000000006d5a       0x22 zephyr/libzephyr.a(heap.c.obj)
 .text.chunksz  0x0000000000006d7c       0x18 zephyr/libzephyr.a(heap.c.obj)
 .text.bytes_to_chunksz
                0x0000000000006d94       0x26 zephyr/libzephyr.a(heap.c.obj)
 .text.min_chunk_size
                0x0000000000006dba       0x1a zephyr/libzephyr.a(heap.c.obj)
 .text.bucket_idx
                0x0000000000006dd4       0x2c zephyr/libzephyr.a(heap.c.obj)
 .text.free_list_add_bidx
                0x0000000000006e00       0x8e zephyr/libzephyr.a(heap.c.obj)
 .text.free_list_add
                0x0000000000006e8e       0x44 zephyr/libzephyr.a(heap.c.obj)
 .text.sys_heap_init
                0x0000000000006ed2       0xf8 zephyr/libzephyr.a(heap.c.obj)
                0x0000000000006ed2                sys_heap_init
 .text.k_is_user_context
                0x0000000000006fca        0xe zephyr/libzephyr.a(printk.c.obj)
 .text.k_str_out
                0x0000000000006fd8       0x1a zephyr/libzephyr.a(printk.c.obj)
 .text.arch_printk_char_out
                0x0000000000006ff2       0x14 zephyr/libzephyr.a(printk.c.obj)
                0x0000000000006ff2                arch_printk_char_out
 .text.buf_flush
                0x0000000000007006       0x28 zephyr/libzephyr.a(printk.c.obj)
 .text.buf_char_out
                0x000000000000702e       0x40 zephyr/libzephyr.a(printk.c.obj)
 .text.printk   0x000000000000706e       0x24 zephyr/libzephyr.a(printk.c.obj)
                0x000000000000706e                printk
 .text.k_sched_current_thread_query
                0x0000000000007092        0xe zephyr/libzephyr.a(thread_entry.c.obj)
 .text.k_thread_abort
                0x00000000000070a0       0x16 zephyr/libzephyr.a(thread_entry.c.obj)
 .text.sys_slist_init
                0x00000000000070b6       0x1e zephyr/libzephyr.a(onoff.c.obj)
 .text.z_snode_next_peek
                0x00000000000070d4       0x16 zephyr/libzephyr.a(onoff.c.obj)
 .text.z_snode_next_set
                0x00000000000070ea       0x1a zephyr/libzephyr.a(onoff.c.obj)
 .text.z_slist_head_set
                0x0000000000007104       0x1a zephyr/libzephyr.a(onoff.c.obj)
 .text.z_slist_tail_set
                0x000000000000711e       0x1a zephyr/libzephyr.a(onoff.c.obj)
 .text.sys_slist_peek_head
                0x0000000000007138       0x16 zephyr/libzephyr.a(onoff.c.obj)
 .text.sys_slist_peek_tail
                0x000000000000714e       0x16 zephyr/libzephyr.a(onoff.c.obj)
 .text.sys_slist_is_empty
                0x0000000000007164       0x22 zephyr/libzephyr.a(onoff.c.obj)
 .text.sys_slist_peek_next_no_check
                0x0000000000007186       0x18 zephyr/libzephyr.a(onoff.c.obj)
 .text.sys_slist_peek_next
                0x000000000000719e       0x22 zephyr/libzephyr.a(onoff.c.obj)
 .text.sys_slist_append
                0x00000000000071c0       0x4e zephyr/libzephyr.a(onoff.c.obj)
 .text.sys_slist_get_not_empty
                0x000000000000720e       0x48 zephyr/libzephyr.a(onoff.c.obj)
 .text.set_state
                0x0000000000007256       0x30 zephyr/libzephyr.a(onoff.c.obj)
 .text.validate_args
                0x0000000000007286       0x46 zephyr/libzephyr.a(onoff.c.obj)
 .text.onoff_manager_init
                0x00000000000072cc       0x52 zephyr/libzephyr.a(onoff.c.obj)
                0x00000000000072cc                onoff_manager_init
 .text.notify_monitors
                0x000000000000731e       0xa0 zephyr/libzephyr.a(onoff.c.obj)
 .text.notify_one
                0x00000000000073be       0x36 zephyr/libzephyr.a(onoff.c.obj)
 .text.notify_all
                0x00000000000073f4       0x44 zephyr/libzephyr.a(onoff.c.obj)
 .text.transition_complete
                0x0000000000007438       0x58 zephyr/libzephyr.a(onoff.c.obj)
 .text.process_recheck
                0x0000000000007490       0x72 zephyr/libzephyr.a(onoff.c.obj)
 .text.process_complete
                0x0000000000007502      0x116 zephyr/libzephyr.a(onoff.c.obj)
 .text.onoff_request
                0x0000000000007618      0x148 zephyr/libzephyr.a(onoff.c.obj)
                0x0000000000007618                onoff_request
 .text.sys_notify_get_method
                0x0000000000007760       0x1e zephyr/libzephyr.a(notify.c.obj)
 .text.sys_notify_validate
                0x000000000000777e       0x5c zephyr/libzephyr.a(notify.c.obj)
                0x000000000000777e                sys_notify_validate
 .text.sys_notify_finalize
                0x00000000000077da       0x5c zephyr/libzephyr.a(notify.c.obj)
                0x00000000000077da                sys_notify_finalize
 .text._ConfigAbsSyms
                0x0000000000007836        0xc zephyr/libzephyr.a(configs.c.obj)
                0x0000000000007836                _ConfigAbsSyms
 .text.esf_dump
                0x0000000000007842       0x1a zephyr/arch/arch/arm/core/libarch__arm__core.a(fatal.c.obj)
 .text.z_arm_fatal_error
                0x000000000000785c       0x3a zephyr/arch/arch/arm/core/libarch__arm__core.a(fatal.c.obj)
                0x000000000000785c                z_arm_fatal_error
 .text.z_do_kernel_oops
                0x0000000000007896       0x2c zephyr/arch/arch/arm/core/libarch__arm__core.a(fatal.c.obj)
                0x0000000000007896                z_do_kernel_oops
 .text.z_arm_nmi
                0x00000000000078c2       0x10 zephyr/arch/arch/arm/core/libarch__arm__core.a(nmi.c.obj)
                0x00000000000078c2                z_arm_nmi
 .text.arch_tls_stack_setup
                0x00000000000078d2       0x3a zephyr/arch/arch/arm/core/libarch__arm__core.a(tls.c.obj)
                0x00000000000078d2                arch_tls_stack_setup
 .text.fault_show
                0x000000000000790c       0x14 zephyr/arch/arch/arm/core/cortex_m/libarch__arm__core__cortex_m.a(fault.c.obj)
 .text.memory_fault_recoverable
                0x0000000000007920       0x18 zephyr/arch/arch/arm/core/cortex_m/libarch__arm__core__cortex_m.a(fault.c.obj)
 .text.debug_monitor
                0x0000000000007938       0x1c zephyr/arch/arch/arm/core/cortex_m/libarch__arm__core__cortex_m.a(fault.c.obj)
 .text.reserved_exception
                0x0000000000007954       0x16 zephyr/arch/arch/arm/core/cortex_m/libarch__arm__core__cortex_m.a(fault.c.obj)
 .text.get_esf  0x000000000000796a       0x78 zephyr/arch/arch/arm/core/cortex_m/libarch__arm__core__cortex_m.a(fault.c.obj)
 .text.arch_irq_enable
                0x00000000000079e2       0x1a zephyr/arch/arch/arm/core/cortex_m/libarch__arm__core__cortex_m.a(irq_manage.c.obj)
                0x00000000000079e2                arch_irq_enable
 .text.z_arm_irq_priority_set
                0x00000000000079fc       0x26 zephyr/arch/arch/arm/core/cortex_m/libarch__arm__core__cortex_m.a(irq_manage.c.obj)
                0x00000000000079fc                z_arm_irq_priority_set
 .text.z_irq_spurious
                0x0000000000007a22       0x18 zephyr/arch/arch/arm/core/cortex_m/libarch__arm__core__cortex_m.a(irq_manage.c.obj)
                0x0000000000007a22                z_irq_spurious
 .text.z_prep_c
                0x0000000000007a3a       0x1c zephyr/arch/arch/arm/core/cortex_m/libarch__arm__core__cortex_m.a(prep_c.c.obj)
                0x0000000000007a3a                z_prep_c
 .text.configure_builtin_stack_guard
                0x0000000000007a56       0x24 zephyr/arch/arch/arm/core/cortex_m/libarch__arm__core__cortex_m.a(thread.c.obj)
                0x0000000000007a56                configure_builtin_stack_guard
 .text.z_arm_prepare_switch_to_main
                0x0000000000007a7a        0xc zephyr/arch/arch/arm/core/cortex_m/libarch__arm__core__cortex_m.a(thread.c.obj)
 .text.arch_irq_unlock_outlined
                0x0000000000007a86       0x32 zephyr/arch/arch/arm/core/cortex_m/libarch__arm__core__cortex_m.a(thread.c.obj)
                0x0000000000007a86                arch_irq_unlock_outlined
 .text.arch_cpu_idle
                0x0000000000007ab8       0x38 zephyr/arch/arch/arm/core/cortex_m/libarch__arm__core__cortex_m.a(cpu_idle.c.obj)
                0x0000000000007ab8                arch_cpu_idle
 .text.arch_cpu_atomic_idle
                0x0000000000007af0       0x4c zephyr/arch/arch/arm/core/cortex_m/libarch__arm__core__cortex_m.a(cpu_idle.c.obj)
                0x0000000000007af0                arch_cpu_atomic_idle
 .text.z_arm_interrupt_init
                0x0000000000007b3c       0x30 zephyr/arch/arch/arm/core/cortex_m/libarch__arm__core__cortex_m.a(irq_init.c.obj)
                0x0000000000007b3c                z_arm_interrupt_init
 .text.arm_cmse_mpu_region_get
                0x0000000000007b6c       0x36 zephyr/arch/arch/arm/core/cortex_m/cmse/libarch__arm__core__cortex_m__cmse.a(arm_core_cmse.c.obj)
                0x0000000000007b6c                arm_cmse_mpu_region_get
 .text.ARM_MPU_ClrRegionEx
                0x0000000000007ba2       0x20 zephyr/arch/arch/arm/core/mpu/libarch__arm__core__mpu.a(arm_mpu.c.obj)
 .text.mpu_clear_region
                0x0000000000007bc2       0x16 zephyr/arch/arch/arm/core/mpu/libarch__arm__core__mpu.a(arm_mpu.c.obj)
 .text.mpu_set_region
                0x0000000000007bd8       0x26 zephyr/arch/arch/arm/core/mpu/libarch__arm__core__mpu.a(arm_mpu.c.obj)
 .text.region_init
                0x0000000000007bfe       0x50 zephyr/arch/arch/arm/core/mpu/libarch__arm__core__mpu.a(arm_mpu.c.obj)
 .text.mpu_partition_is_valid
                0x0000000000007c4e       0x40 zephyr/arch/arch/arm/core/mpu/libarch__arm__core__mpu.a(arm_mpu.c.obj)
 .text.get_region_index
                0x0000000000007c8e       0x3e zephyr/arch/arch/arm/core/mpu/libarch__arm__core__mpu.a(arm_mpu.c.obj)
 .text.mpu_region_get_base
                0x0000000000007ccc       0x20 zephyr/arch/arch/arm/core/mpu/libarch__arm__core__mpu.a(arm_mpu.c.obj)
 .text.mpu_region_set_base
                0x0000000000007cec       0x30 zephyr/arch/arch/arm/core/mpu/libarch__arm__core__mpu.a(arm_mpu.c.obj)
 .text.mpu_region_get_last_addr
                0x0000000000007d1c       0x20 zephyr/arch/arch/arm/core/mpu/libarch__arm__core__mpu.a(arm_mpu.c.obj)
 .text.mpu_region_set_limit
                0x0000000000007d3c       0x30 zephyr/arch/arch/arm/core/mpu/libarch__arm__core__mpu.a(arm_mpu.c.obj)
 .text.mpu_region_get_access_attr
                0x0000000000007d6c       0x46 zephyr/arch/arch/arm/core/mpu/libarch__arm__core__mpu.a(arm_mpu.c.obj)
 .text.mpu_region_get_conf
                0x0000000000007db2       0x40 zephyr/arch/arch/arm/core/mpu/libarch__arm__core__mpu.a(arm_mpu.c.obj)
 .text.get_region_attr_from_mpu_partition_info
                0x0000000000007df2       0x54 zephyr/arch/arch/arm/core/mpu/libarch__arm__core__mpu.a(arm_mpu.c.obj)
 .text.mpu_configure_regions_and_partition
                0x0000000000007e46      0x2ec zephyr/arch/arch/arm/core/mpu/libarch__arm__core__mpu.a(arm_mpu.c.obj)
 .text.get_num_regions
                0x0000000000008132        0xe zephyr/arch/arch/arm/core/mpu/libarch__arm__core__mpu.a(arm_mpu.c.obj)
 .text.region_allocate_and_init
                0x0000000000008140       0x38 zephyr/arch/arch/arm/core/mpu/libarch__arm__core__mpu.a(arm_mpu.c.obj)
 .text.mpu_configure_regions_from_dt
                0x0000000000008178      0x18c zephyr/arch/arch/arm/core/mpu/libarch__arm__core__mpu.a(arm_mpu.c.obj)
 .text.mpu_configure_region
                0x0000000000008304       0x48 zephyr/arch/arch/arm/core/mpu/libarch__arm__core__mpu.a(arm_mpu.c.obj)
 .text.arm_core_mpu_configure_static_mpu_regions
                0x000000000000834c       0x24 zephyr/arch/arch/arm/core/mpu/libarch__arm__core__mpu.a(arm_mpu.c.obj)
                0x000000000000834c                arm_core_mpu_configure_static_mpu_regions
 .text.arm_core_mpu_mark_areas_for_dynamic_regions
                0x0000000000008370       0x1e zephyr/arch/arch/arm/core/mpu/libarch__arm__core__mpu.a(arm_mpu.c.obj)
                0x0000000000008370                arm_core_mpu_mark_areas_for_dynamic_regions
 .text.zephyr_fputc
                0x000000000000838e       0x1c zephyr/lib/libc/picolibc/liblib__libc__picolibc.a(stdio.c.obj)
 .text.picolibc_put
                0x00000000000083aa       0x20 zephyr/lib/libc/picolibc/liblib__libc__picolibc.a(stdio.c.obj)
 .text.nrf_oscillators_lfxo_cap_set
                0x00000000000083ca       0x1c zephyr/soc/soc/nrf54l15/libsoc__nordic.a(soc.c.obj)
 .text.nrf_oscillators_hfxo_cap_set
                0x00000000000083e6       0x2a zephyr/soc/soc/nrf54l15/libsoc__nordic.a(soc.c.obj)
 .text.nrf_regulators_vreg_enable_set
                0x0000000000008410       0x36 zephyr/soc/soc/nrf54l15/libsoc__nordic.a(soc.c.obj)
 .text.arch_busy_wait
                0x0000000000008446       0x16 zephyr/soc/soc/nrf54l15/libsoc__nordic.a(soc.c.obj)
                0x0000000000008446                arch_busy_wait
 .text.nrf_cache_enable
                0x000000000000845c       0x1a zephyr/drivers/cache/libdrivers__cache.a(cache_nrf.c.obj)
 .text.atomic_set
                0x0000000000008476       0x26 zephyr/drivers/clock_control/libdrivers__clock_control.a(clock_control_nrf.c.obj)
 .text.nrf_event_readback
                0x000000000000849c       0x16 zephyr/drivers/clock_control/libdrivers__clock_control.a(clock_control_nrf.c.obj)
 .text.nrf_event_check
                0x00000000000084b2       0x26 zephyr/drivers/clock_control/libdrivers__clock_control.a(clock_control_nrf.c.obj)
 .text.k_msleep
                0x00000000000084d8       0xc6 zephyr/drivers/clock_control/libdrivers__clock_control.a(clock_control_nrf.c.obj)
 .text.k_cpu_atomic_idle
                0x000000000000859e       0x16 zephyr/drivers/clock_control/libdrivers__clock_control.a(clock_control_nrf.c.obj)
 .text.k_sleep  0x00000000000085b4       0x1c zephyr/drivers/clock_control/libdrivers__clock_control.a(clock_control_nrf.c.obj)
 .text.k_sem_take
                0x00000000000085d0       0x20 zephyr/drivers/clock_control/libdrivers__clock_control.a(clock_control_nrf.c.obj)
 .text.k_sem_give
                0x00000000000085f0       0x16 zephyr/drivers/clock_control/libdrivers__clock_control.a(clock_control_nrf.c.obj)
 .text.sys_notify_init_spinwait
                0x0000000000008606       0x24 zephyr/drivers/clock_control/libdrivers__clock_control.a(clock_control_nrf.c.obj)
 .text.nrf_clock_int_enable
                0x000000000000862a       0x1c zephyr/drivers/clock_control/libdrivers__clock_control.a(clock_control_nrf.c.obj)
 .text.nrf_clock_int_disable
                0x0000000000008646       0x1c zephyr/drivers/clock_control/libdrivers__clock_control.a(clock_control_nrf.c.obj)
 .text.nrf_clock_task_trigger
                0x0000000000008662       0x20 zephyr/drivers/clock_control/libdrivers__clock_control.a(clock_control_nrf.c.obj)
 .text.nrf_clock_event_clear
                0x0000000000008682       0x2a zephyr/drivers/clock_control/libdrivers__clock_control.a(clock_control_nrf.c.obj)
 .text.nrf_clock_event_check
                0x00000000000086ac       0x20 zephyr/drivers/clock_control/libdrivers__clock_control.a(clock_control_nrf.c.obj)
 .text.nrf_clock_is_running
                0x00000000000086cc       0x8c zephyr/drivers/clock_control/libdrivers__clock_control.a(clock_control_nrf.c.obj)
 .text.nrf_clock_lf_src_set
                0x0000000000008758       0x1e zephyr/drivers/clock_control/libdrivers__clock_control.a(clock_control_nrf.c.obj)
 .text.nrf_clock_lf_src_get
                0x0000000000008776       0x1a zephyr/drivers/clock_control/libdrivers__clock_control.a(clock_control_nrf.c.obj)
 .text.nrf_clock_lf_srccopy_get
                0x0000000000008790       0x20 zephyr/drivers/clock_control/libdrivers__clock_control.a(clock_control_nrf.c.obj)
 .text.nrfx_clock_lfclk_start
                0x00000000000087b0        0xe zephyr/drivers/clock_control/libdrivers__clock_control.a(clock_control_nrf.c.obj)
 .text.nrfx_clock_lfclk_stop
                0x00000000000087be        0xe zephyr/drivers/clock_control/libdrivers__clock_control.a(clock_control_nrf.c.obj)
 .text.nrfx_clock_hfclk_start
                0x00000000000087cc        0xe zephyr/drivers/clock_control/libdrivers__clock_control.a(clock_control_nrf.c.obj)
 .text.nrfx_clock_hfclk_stop
                0x00000000000087da        0xe zephyr/drivers/clock_control/libdrivers__clock_control.a(clock_control_nrf.c.obj)
 .text.get_sub_data
                0x00000000000087e8       0x2c zephyr/drivers/clock_control/libdrivers__clock_control.a(clock_control_nrf.c.obj)
 .text.get_sub_config
                0x0000000000008814       0x24 zephyr/drivers/clock_control/libdrivers__clock_control.a(clock_control_nrf.c.obj)
 .text.get_onoff_manager
                0x0000000000008838       0x2a zephyr/drivers/clock_control/libdrivers__clock_control.a(clock_control_nrf.c.obj)
 .text.get_status
                0x0000000000008862       0x2c zephyr/drivers/clock_control/libdrivers__clock_control.a(clock_control_nrf.c.obj)
 .text.set_off_state
                0x000000000000888e       0x78 zephyr/drivers/clock_control/libdrivers__clock_control.a(clock_control_nrf.c.obj)
 .text.set_starting_state
                0x0000000000008906       0x86 zephyr/drivers/clock_control/libdrivers__clock_control.a(clock_control_nrf.c.obj)
 .text.set_on_state
                0x000000000000898c       0x5a zephyr/drivers/clock_control/libdrivers__clock_control.a(clock_control_nrf.c.obj)
 .text.clkstarted_handle
                0x00000000000089e6       0x4e zephyr/drivers/clock_control/libdrivers__clock_control.a(clock_control_nrf.c.obj)
 .text.lfclk_start
                0x0000000000008a34        0xc zephyr/drivers/clock_control/libdrivers__clock_control.a(clock_control_nrf.c.obj)
 .text.lfclk_stop
                0x0000000000008a40        0xc zephyr/drivers/clock_control/libdrivers__clock_control.a(clock_control_nrf.c.obj)
 .text.stop     0x0000000000008a4c       0x4e zephyr/drivers/clock_control/libdrivers__clock_control.a(clock_control_nrf.c.obj)
 .text.api_stop
                0x0000000000008a9a       0x1e zephyr/drivers/clock_control/libdrivers__clock_control.a(clock_control_nrf.c.obj)
 .text.async_start
                0x0000000000008ab8       0x5c zephyr/drivers/clock_control/libdrivers__clock_control.a(clock_control_nrf.c.obj)
 .text.api_start
                0x0000000000008b14       0x28 zephyr/drivers/clock_control/libdrivers__clock_control.a(clock_control_nrf.c.obj)
 .text.blocking_start_callback
                0x0000000000008b3c       0x1e zephyr/drivers/clock_control/libdrivers__clock_control.a(clock_control_nrf.c.obj)
 .text.onoff_started_callback
                0x0000000000008b5a       0x30 zephyr/drivers/clock_control/libdrivers__clock_control.a(clock_control_nrf.c.obj)
 .text.hfclkaudio_init
                0x0000000000008b8a        0xc zephyr/drivers/clock_control/libdrivers__clock_control.a(clock_control_nrf.c.obj)
 .text.device_is_ready
                0x0000000000008b96       0x18 zephyr/drivers/console/libdrivers__console.a(uart_console.c.obj)
 .text.z_impl_uart_poll_out
                0x0000000000008bae       0x26 zephyr/drivers/console/libdrivers__console.a(uart_console.c.obj)
 .text.uart_poll_out
                0x0000000000008bd4       0x1e zephyr/drivers/console/libdrivers__console.a(uart_console.c.obj)
 .text.pm_device_runtime_get
                0x0000000000008bf2       0x14 zephyr/drivers/console/libdrivers__console.a(uart_console.c.obj)
 .text.pm_device_runtime_put_async
                0x0000000000008c06       0x18 zephyr/drivers/console/libdrivers__console.a(uart_console.c.obj)
 .text.z_snode_next_peek
                0x0000000000008c1e       0x16 zephyr/drivers/gpio/libdrivers__gpio.a(gpio_nrfx.c.obj)
 .text.z_snode_next_set
                0x0000000000008c34       0x1a zephyr/drivers/gpio/libdrivers__gpio.a(gpio_nrfx.c.obj)
 .text.z_slist_head_set
                0x0000000000008c4e       0x1a zephyr/drivers/gpio/libdrivers__gpio.a(gpio_nrfx.c.obj)
 .text.z_slist_tail_set
                0x0000000000008c68       0x1a zephyr/drivers/gpio/libdrivers__gpio.a(gpio_nrfx.c.obj)
 .text.sys_slist_peek_head
                0x0000000000008c82       0x16 zephyr/drivers/gpio/libdrivers__gpio.a(gpio_nrfx.c.obj)
 .text.sys_slist_peek_tail
                0x0000000000008c98       0x16 zephyr/drivers/gpio/libdrivers__gpio.a(gpio_nrfx.c.obj)
 .text.sys_slist_is_empty
                0x0000000000008cae       0x22 zephyr/drivers/gpio/libdrivers__gpio.a(gpio_nrfx.c.obj)
 .text.sys_slist_peek_next_no_check
                0x0000000000008cd0       0x18 zephyr/drivers/gpio/libdrivers__gpio.a(gpio_nrfx.c.obj)
 .text.sys_slist_peek_next
                0x0000000000008ce8       0x22 zephyr/drivers/gpio/libdrivers__gpio.a(gpio_nrfx.c.obj)
 .text.sys_slist_prepend
                0x0000000000008d0a       0x44 zephyr/drivers/gpio/libdrivers__gpio.a(gpio_nrfx.c.obj)
 .text.sys_slist_remove
                0x0000000000008d4e       0x76 zephyr/drivers/gpio/libdrivers__gpio.a(gpio_nrfx.c.obj)
 .text.sys_slist_find_and_remove
                0x0000000000008dc4       0x4a zephyr/drivers/gpio/libdrivers__gpio.a(gpio_nrfx.c.obj)
 .text.nrf_gpio_reconfigure
                0x0000000000008e0e       0xec zephyr/drivers/gpio/libdrivers__gpio.a(gpio_nrfx.c.obj)
 .text.nrf_gpio_pin_dir_get
                0x0000000000008efa       0x2c zephyr/drivers/gpio/libdrivers__gpio.a(gpio_nrfx.c.obj)
 .text.nrf_gpio_port_in_read
                0x0000000000008f26       0x16 zephyr/drivers/gpio/libdrivers__gpio.a(gpio_nrfx.c.obj)
 .text.nrf_gpio_port_out_read
                0x0000000000008f3c       0x16 zephyr/drivers/gpio/libdrivers__gpio.a(gpio_nrfx.c.obj)
 .text.nrf_gpio_port_out_set
                0x0000000000008f52       0x1a zephyr/drivers/gpio/libdrivers__gpio.a(gpio_nrfx.c.obj)
 .text.nrf_gpio_port_out_clear
                0x0000000000008f6c       0x1a zephyr/drivers/gpio/libdrivers__gpio.a(gpio_nrfx.c.obj)
 .text.nrf_gpio_pin_port_number_extract
                0x0000000000008f86       0x26 zephyr/drivers/gpio/libdrivers__gpio.a(gpio_nrfx.c.obj)
 .text.gpio_manage_callback
                0x0000000000008fac       0x74 zephyr/drivers/gpio/libdrivers__gpio.a(gpio_nrfx.c.obj)
 .text.gpio_fire_callbacks
                0x0000000000009020       0xaa zephyr/drivers/gpio/libdrivers__gpio.a(gpio_nrfx.c.obj)
 .text.get_port_data
                0x00000000000090ca       0x16 zephyr/drivers/gpio/libdrivers__gpio.a(gpio_nrfx.c.obj)
 .text.get_port_cfg
                0x00000000000090e0       0x16 zephyr/drivers/gpio/libdrivers__gpio.a(gpio_nrfx.c.obj)
 .text.has_gpiote
                0x00000000000090f6       0x20 zephyr/drivers/gpio/libdrivers__gpio.a(gpio_nrfx.c.obj)
 .text.get_pull
                0x0000000000009116       0x30 zephyr/drivers/gpio/libdrivers__gpio.a(gpio_nrfx.c.obj)
 .text.gpio_nrfx_gpd_retain_set
                0x0000000000009146       0x18 zephyr/drivers/gpio/libdrivers__gpio.a(gpio_nrfx.c.obj)
 .text.gpio_nrfx_gpd_retain_clear
                0x000000000000915e       0x16 zephyr/drivers/gpio/libdrivers__gpio.a(gpio_nrfx.c.obj)
 .text.gpio_nrfx_port_get_raw
                0x0000000000009174       0x2c zephyr/drivers/gpio/libdrivers__gpio.a(gpio_nrfx.c.obj)
 .text.gpio_nrfx_port_set_masked_raw
                0x00000000000091a0       0x64 zephyr/drivers/gpio/libdrivers__gpio.a(gpio_nrfx.c.obj)
 .text.gpio_nrfx_port_set_bits_raw
                0x0000000000009204       0x48 zephyr/drivers/gpio/libdrivers__gpio.a(gpio_nrfx.c.obj)
 .text.gpio_nrfx_port_clear_bits_raw
                0x000000000000924c       0x48 zephyr/drivers/gpio/libdrivers__gpio.a(gpio_nrfx.c.obj)
 .text.gpio_nrfx_port_toggle_bits
                0x0000000000009294       0x70 zephyr/drivers/gpio/libdrivers__gpio.a(gpio_nrfx.c.obj)
 .text.get_trigger
                0x0000000000009304       0x46 zephyr/drivers/gpio/libdrivers__gpio.a(gpio_nrfx.c.obj)
 .text.gpio_nrfx_manage_callback
                0x000000000000934a       0x2c zephyr/drivers/gpio/libdrivers__gpio.a(gpio_nrfx.c.obj)
 .text.nrfx_gpio_handler
                0x0000000000009376       0x56 zephyr/drivers/gpio/libdrivers__gpio.a(gpio_nrfx.c.obj)
 .text.pinctrl_lookup_state
                0x00000000000093cc       0x56 zephyr/drivers/pinctrl/libdrivers__pinctrl.a(common.c.obj)
                0x00000000000093cc                pinctrl_lookup_state
 .text.nrf_gpio_pin_set
                0x0000000000009422       0x2a zephyr/drivers/pinctrl/libdrivers__pinctrl.a(pinctrl_nrf.c.obj)
 .text.nrf_gpio_pin_clear
                0x000000000000944c       0x2a zephyr/drivers/pinctrl/libdrivers__pinctrl.a(pinctrl_nrf.c.obj)
 .text.nrf_gpio_pin_write
                0x0000000000009476       0x26 zephyr/drivers/pinctrl/libdrivers__pinctrl.a(pinctrl_nrf.c.obj)
 .text.nrf_gpio_port_out_set
                0x000000000000949c       0x1a zephyr/drivers/pinctrl/libdrivers__pinctrl.a(pinctrl_nrf.c.obj)
 .text.nrf_gpio_port_out_clear
                0x00000000000094b6       0x1a zephyr/drivers/pinctrl/libdrivers__pinctrl.a(pinctrl_nrf.c.obj)
 .text.nrf_gpio_pin_control_select
                0x00000000000094d0       0x40 zephyr/drivers/pinctrl/libdrivers__pinctrl.a(pinctrl_nrf.c.obj)
 .text.nrf_gpio_pin_port_number_extract
                0x0000000000009510       0x26 zephyr/drivers/pinctrl/libdrivers__pinctrl.a(pinctrl_nrf.c.obj)
 .text.pinctrl_apply_state_direct
                0x0000000000009536       0x2a zephyr/drivers/serial/libdrivers__serial.a(uart_nrfx_uarte.c.obj)
 .text.pinctrl_apply_state
                0x0000000000009560       0x3a zephyr/drivers/serial/libdrivers__serial.a(uart_nrfx_uarte.c.obj)
 .text.nrf_event_readback
                0x000000000000959a       0x16 zephyr/drivers/serial/libdrivers__serial.a(uart_nrfx_uarte.c.obj)
 .text.nrf_event_check
                0x00000000000095b0       0x26 zephyr/drivers/serial/libdrivers__serial.a(uart_nrfx_uarte.c.obj)
 .text.k_msleep
                0x00000000000095d6       0xc6 zephyr/drivers/serial/libdrivers__serial.a(uart_nrfx_uarte.c.obj)
 .text.k_sleep  0x000000000000969c       0x1c zephyr/drivers/serial/libdrivers__serial.a(uart_nrfx_uarte.c.obj)
 .text.pm_device_driver_init
                0x00000000000096b8       0x44 zephyr/drivers/serial/libdrivers__serial.a(uart_nrfx_uarte.c.obj)
 .text.nrf_uarte_event_clear
                0x00000000000096fc       0x2a zephyr/drivers/serial/libdrivers__serial.a(uart_nrfx_uarte.c.obj)
 .text.nrf_uarte_event_check
                0x0000000000009726       0x20 zephyr/drivers/serial/libdrivers__serial.a(uart_nrfx_uarte.c.obj)
 .text.nrf_uarte_shorts_enable
                0x0000000000009746       0x24 zephyr/drivers/serial/libdrivers__serial.a(uart_nrfx_uarte.c.obj)
 .text.nrf_uarte_int_enable
                0x000000000000976a       0x1c zephyr/drivers/serial/libdrivers__serial.a(uart_nrfx_uarte.c.obj)
 .text.nrf_uarte_errorsrc_get_and_clear
                0x0000000000009786       0x24 zephyr/drivers/serial/libdrivers__serial.a(uart_nrfx_uarte.c.obj)
 .text.nrf_uarte_enable
                0x00000000000097aa       0x1a zephyr/drivers/serial/libdrivers__serial.a(uart_nrfx_uarte.c.obj)
 .text.nrf_uarte_disable
                0x00000000000097c4       0x1a zephyr/drivers/serial/libdrivers__serial.a(uart_nrfx_uarte.c.obj)
 .text.nrf_uarte_task_trigger
                0x00000000000097de       0x20 zephyr/drivers/serial/libdrivers__serial.a(uart_nrfx_uarte.c.obj)
 .text.nrf_uarte_configure
                0x00000000000097fe       0x3a zephyr/drivers/serial/libdrivers__serial.a(uart_nrfx_uarte.c.obj)
 .text.nrf_uarte_baudrate_set
                0x0000000000009838       0x1c zephyr/drivers/serial/libdrivers__serial.a(uart_nrfx_uarte.c.obj)
 .text.nrf_uarte_tx_buffer_set
                0x0000000000009854       0x26 zephyr/drivers/serial/libdrivers__serial.a(uart_nrfx_uarte.c.obj)
 .text.nrf_uarte_rx_buffer_set
                0x000000000000987a       0x26 zephyr/drivers/serial/libdrivers__serial.a(uart_nrfx_uarte.c.obj)
 .text.get_uarte_instance
                0x00000000000098a0       0x1c zephyr/drivers/serial/libdrivers__serial.a(uart_nrfx_uarte.c.obj)
 .text.uarte_nrfx_isr_int
                0x00000000000098bc       0x36 zephyr/drivers/serial/libdrivers__serial.a(uart_nrfx_uarte.c.obj)
 .text.uarte_nrfx_err_check
                0x00000000000098f2       0x20 zephyr/drivers/serial/libdrivers__serial.a(uart_nrfx_uarte.c.obj)
 .text.is_tx_ready
                0x0000000000009912       0x5a zephyr/drivers/serial/libdrivers__serial.a(uart_nrfx_uarte.c.obj)
 .text.wait_tx_ready
                0x000000000000996c       0x98 zephyr/drivers/serial/libdrivers__serial.a(uart_nrfx_uarte.c.obj)
 .text.uarte_periph_enable
                0x0000000000009a04       0x58 zephyr/drivers/serial/libdrivers__serial.a(uart_nrfx_uarte.c.obj)
 .text.tx_start
                0x0000000000009a5c       0x3e zephyr/drivers/serial/libdrivers__serial.a(uart_nrfx_uarte.c.obj)
 .text.uarte_nrfx_poll_in
                0x0000000000009a9a       0x5a zephyr/drivers/serial/libdrivers__serial.a(uart_nrfx_uarte.c.obj)
 .text.uarte_nrfx_poll_out
                0x0000000000009af4       0xda zephyr/drivers/serial/libdrivers__serial.a(uart_nrfx_uarte.c.obj)
 .text.uarte_pm_resume
                0x0000000000009bce       0x28 zephyr/drivers/serial/libdrivers__serial.a(uart_nrfx_uarte.c.obj)
 .text.uarte_nrfx_pm_action
                0x0000000000009bf6       0x28 zephyr/drivers/serial/libdrivers__serial.a(uart_nrfx_uarte.c.obj)
 .text.uarte_tx_path_init
                0x0000000000009c1e       0xac zephyr/drivers/serial/libdrivers__serial.a(uart_nrfx_uarte.c.obj)
 .text.uarte_20_init
                0x0000000000009cca       0x2a zephyr/drivers/serial/libdrivers__serial.a(uart_nrfx_uarte.c.obj)
 .text.nrf_barrier_w
                0x0000000000009cf4        0xc zephyr/drivers/timer/libdrivers__timer.a(nrf_grtc_timer.c.obj)
 .text.nrf_grtc_clksel_set
                0x0000000000009d00       0x2c zephyr/drivers/timer/libdrivers__timer.a(nrf_grtc_timer.c.obj)
 .text.nrfy_grtc_clksel_set
                0x0000000000009d2c       0x22 zephyr/drivers/timer/libdrivers__timer.a(nrf_grtc_timer.c.obj)
 .text.counter_sub
                0x0000000000009d4e       0x2c zephyr/drivers/timer/libdrivers__timer.a(nrf_grtc_timer.c.obj)
 .text.counter  0x0000000000009d7a       0x1c zephyr/drivers/timer/libdrivers__timer.a(nrf_grtc_timer.c.obj)
 .text.configure_default_sau
                0x0000000000009d96        0xc modules/hal_nordic/nrfx/libmodules__hal_nordic__nrfx.a(system_nrf54l.c.obj)
 .text.k_busy_wait
                0x0000000000009da2       0x16 modules/hal_nordic/nrfx/libmodules__hal_nordic__nrfx.a(nrfx_glue.c.obj)
 .text.nrfx_isr
                0x0000000000009db8       0x14 modules/hal_nordic/nrfx/libmodules__hal_nordic__nrfx.a(nrfx_glue.c.obj)
                0x0000000000009db8                nrfx_isr
 .text.nrfx_busy_wait
                0x0000000000009dcc       0x16 modules/hal_nordic/nrfx/libmodules__hal_nordic__nrfx.a(nrfx_glue.c.obj)
                0x0000000000009dcc                nrfx_busy_wait
 .text.atomic_cas
                0x0000000000009de2       0x44 modules/hal_nordic/nrfx/libmodules__hal_nordic__nrfx.a(nrfx_flag32_allocator.c.obj)
 .text.nrf_event_readback
                0x0000000000009e26       0x16 modules/hal_nordic/nrfx/libmodules__hal_nordic__nrfx.a(nrfx_clock.c.obj)
 .text.nrf_event_check
                0x0000000000009e3c       0x26 modules/hal_nordic/nrfx/libmodules__hal_nordic__nrfx.a(nrfx_clock.c.obj)
 .text.nrf_clock_int_enable
                0x0000000000009e62       0x1c modules/hal_nordic/nrfx/libmodules__hal_nordic__nrfx.a(nrfx_clock.c.obj)
 .text.nrf_clock_int_disable
                0x0000000000009e7e       0x1c modules/hal_nordic/nrfx/libmodules__hal_nordic__nrfx.a(nrfx_clock.c.obj)
 .text.nrf_clock_int_enable_check
                0x0000000000009e9a       0x1e modules/hal_nordic/nrfx/libmodules__hal_nordic__nrfx.a(nrfx_clock.c.obj)
 .text.nrf_clock_task_trigger
                0x0000000000009eb8       0x20 modules/hal_nordic/nrfx/libmodules__hal_nordic__nrfx.a(nrfx_clock.c.obj)
 .text.nrf_clock_event_clear
                0x0000000000009ed8       0x2a modules/hal_nordic/nrfx/libmodules__hal_nordic__nrfx.a(nrfx_clock.c.obj)
 .text.nrf_clock_event_check
                0x0000000000009f02       0x20 modules/hal_nordic/nrfx/libmodules__hal_nordic__nrfx.a(nrfx_clock.c.obj)
 .text.nrf_clock_start_task_check
                0x0000000000009f22       0x50 modules/hal_nordic/nrfx/libmodules__hal_nordic__nrfx.a(nrfx_clock.c.obj)
 .text.nrf_clock_is_running
                0x0000000000009f72       0x8c modules/hal_nordic/nrfx/libmodules__hal_nordic__nrfx.a(nrfx_clock.c.obj)
 .text.nrf_clock_lf_src_set
                0x0000000000009ffe       0x1e modules/hal_nordic/nrfx/libmodules__hal_nordic__nrfx.a(nrfx_clock.c.obj)
 .text.nrf_clock_lf_srccopy_get
                0x000000000000a01c       0x20 modules/hal_nordic/nrfx/libmodules__hal_nordic__nrfx.a(nrfx_clock.c.obj)
 .text.nrfx_power_clock_irq_init
                0x000000000000a03c       0x32 modules/hal_nordic/nrfx/libmodules__hal_nordic__nrfx.a(nrfx_clock.c.obj)
 .text.clock_initial_lfclksrc_get
                0x000000000000a06e        0xe modules/hal_nordic/nrfx/libmodules__hal_nordic__nrfx.a(nrfx_clock.c.obj)
 .text.clock_lfclksrc_tweak
                0x000000000000a07c       0x5c modules/hal_nordic/nrfx/libmodules__hal_nordic__nrfx.a(nrfx_clock.c.obj)
 .text.nrfx_clock_stop
                0x000000000000a0d8       0x1a modules/hal_nordic/nrfx/libmodules__hal_nordic__nrfx.a(nrfx_clock.c.obj)
                0x000000000000a0d8                nrfx_clock_stop
 .text.nrfx_get_irq_number
                0x000000000000a0f2       0x20 modules/hal_nordic/nrfx/libmodules__hal_nordic__nrfx.a(nrfx_gpiote.c.obj)
 .text.nrf_event_readback
                0x000000000000a112       0x16 modules/hal_nordic/nrfx/libmodules__hal_nordic__nrfx.a(nrfx_gpiote.c.obj)
 .text.nrf_barrier_w
                0x000000000000a128        0xc modules/hal_nordic/nrfx/libmodules__hal_nordic__nrfx.a(nrfx_gpiote.c.obj)
 .text.nrf_barrier_r
                0x000000000000a134        0xc modules/hal_nordic/nrfx/libmodules__hal_nordic__nrfx.a(nrfx_gpiote.c.obj)
 .text.nrf_barrier_rw
                0x000000000000a140        0xc modules/hal_nordic/nrfx/libmodules__hal_nordic__nrfx.a(nrfx_gpiote.c.obj)
 .text.nrf_event_check
                0x000000000000a14c       0x26 modules/hal_nordic/nrfx/libmodules__hal_nordic__nrfx.a(nrfx_gpiote.c.obj)
 .text.nrf_gpiote_event_check
                0x000000000000a172       0x20 modules/hal_nordic/nrfx/libmodules__hal_nordic__nrfx.a(nrfx_gpiote.c.obj)
 .text.nrf_gpiote_event_clear
                0x000000000000a192       0x38 modules/hal_nordic/nrfx/libmodules__hal_nordic__nrfx.a(nrfx_gpiote.c.obj)
 .text.nrf_gpiote_event_address_get
                0x000000000000a1ca       0x1c modules/hal_nordic/nrfx/libmodules__hal_nordic__nrfx.a(nrfx_gpiote.c.obj)
 .text.nrf_gpiote_int_enable
                0x000000000000a1e6       0x1c modules/hal_nordic/nrfx/libmodules__hal_nordic__nrfx.a(nrfx_gpiote.c.obj)
 .text.nrf_gpiote_int_disable
                0x000000000000a202       0x1c modules/hal_nordic/nrfx/libmodules__hal_nordic__nrfx.a(nrfx_gpiote.c.obj)
 .text.nrf_gpiote_int_enable_check
                0x000000000000a21e       0x1e modules/hal_nordic/nrfx/libmodules__hal_nordic__nrfx.a(nrfx_gpiote.c.obj)
 .text.nrf_gpiote_event_enable
                0x000000000000a23c       0x30 modules/hal_nordic/nrfx/libmodules__hal_nordic__nrfx.a(nrfx_gpiote.c.obj)
 .text.nrf_gpiote_event_disable
                0x000000000000a26c       0x30 modules/hal_nordic/nrfx/libmodules__hal_nordic__nrfx.a(nrfx_gpiote.c.obj)
 .text.nrf_gpiote_event_configure
                0x000000000000a29c       0x68 modules/hal_nordic/nrfx/libmodules__hal_nordic__nrfx.a(nrfx_gpiote.c.obj)
 .text.nrf_gpiote_event_pin_get
                0x000000000000a304       0x26 modules/hal_nordic/nrfx/libmodules__hal_nordic__nrfx.a(nrfx_gpiote.c.obj)
 .text.nrf_gpiote_event_polarity_get
                0x000000000000a32a       0x28 modules/hal_nordic/nrfx/libmodules__hal_nordic__nrfx.a(nrfx_gpiote.c.obj)
 .text.nrf_gpiote_te_default
                0x000000000000a352       0x30 modules/hal_nordic/nrfx/libmodules__hal_nordic__nrfx.a(nrfx_gpiote.c.obj)
 .text.nrf_gpiote_in_event_get
                0x000000000000a382       0x1e modules/hal_nordic/nrfx/libmodules__hal_nordic__nrfx.a(nrfx_gpiote.c.obj)
 .text.nrfy_gpiote_int_init
                0x000000000000a3a0       0x80 modules/hal_nordic/nrfx/libmodules__hal_nordic__nrfx.a(nrfx_gpiote.c.obj)
 .text.nrfy_gpiote_events_process
                0x000000000000a420       0x26 modules/hal_nordic/nrfx/libmodules__hal_nordic__nrfx.a(nrfx_gpiote.c.obj)
 .text.nrfy_gpiote_event_clear
                0x000000000000a446       0x22 modules/hal_nordic/nrfx/libmodules__hal_nordic__nrfx.a(nrfx_gpiote.c.obj)
 .text.nrfy_gpiote_int_enable
                0x000000000000a468       0x1e modules/hal_nordic/nrfx/libmodules__hal_nordic__nrfx.a(nrfx_gpiote.c.obj)
 .text.nrfy_gpiote_int_disable
                0x000000000000a486       0x1e modules/hal_nordic/nrfx/libmodules__hal_nordic__nrfx.a(nrfx_gpiote.c.obj)
 .text.nrfy_gpiote_int_enable_check
                0x000000000000a4a4       0x26 modules/hal_nordic/nrfx/libmodules__hal_nordic__nrfx.a(nrfx_gpiote.c.obj)
 .text.nrfy_gpiote_event_enable
                0x000000000000a4ca       0x1e modules/hal_nordic/nrfx/libmodules__hal_nordic__nrfx.a(nrfx_gpiote.c.obj)
 .text.nrfy_gpiote_event_disable
                0x000000000000a4e8       0x1e modules/hal_nordic/nrfx/libmodules__hal_nordic__nrfx.a(nrfx_gpiote.c.obj)
 .text.nrfy_gpiote_event_configure
                0x000000000000a506       0x26 modules/hal_nordic/nrfx/libmodules__hal_nordic__nrfx.a(nrfx_gpiote.c.obj)
 .text.nrfy_gpiote_event_pin_get
                0x000000000000a52c       0x26 modules/hal_nordic/nrfx/libmodules__hal_nordic__nrfx.a(nrfx_gpiote.c.obj)
 .text.nrfy_gpiote_event_polarity_get
                0x000000000000a552       0x28 modules/hal_nordic/nrfx/libmodules__hal_nordic__nrfx.a(nrfx_gpiote.c.obj)
 .text.nrfy_gpiote_task_configure
                0x000000000000a57a       0x2c modules/hal_nordic/nrfx/libmodules__hal_nordic__nrfx.a(nrfx_gpiote.c.obj)
 .text.nrfy_gpiote_te_default
                0x000000000000a5a6       0x1e modules/hal_nordic/nrfx/libmodules__hal_nordic__nrfx.a(nrfx_gpiote.c.obj)
 .text.__nrfy_internal_gpiote_event_enabled_clear
                0x000000000000a5c4       0x34 modules/hal_nordic/nrfx/libmodules__hal_nordic__nrfx.a(nrfx_gpiote.c.obj)
 .text.__nrfy_internal_gpiote_event_handle
                0x000000000000a5f8       0x6a modules/hal_nordic/nrfx/libmodules__hal_nordic__nrfx.a(nrfx_gpiote.c.obj)
 .text.__nrfy_internal_gpiote_events_process
                0x000000000000a662       0x5c modules/hal_nordic/nrfx/libmodules__hal_nordic__nrfx.a(nrfx_gpiote.c.obj)
 .text.nrf_gpio_reconfigure
                0x000000000000a6be       0xec modules/hal_nordic/nrfx/libmodules__hal_nordic__nrfx.a(nrfx_gpiote.c.obj)
 .text.nrf_gpio_cfg_default
                0x000000000000a7aa       0x24 modules/hal_nordic/nrfx/libmodules__hal_nordic__nrfx.a(nrfx_gpiote.c.obj)
 .text.nrf_gpio_cfg_sense_set
                0x000000000000a7ce       0x28 modules/hal_nordic/nrfx/libmodules__hal_nordic__nrfx.a(nrfx_gpiote.c.obj)
 .text.nrf_gpio_pin_read
                0x000000000000a7f6       0x2c modules/hal_nordic/nrfx/libmodules__hal_nordic__nrfx.a(nrfx_gpiote.c.obj)
 .text.nrf_gpio_pin_sense_get
                0x000000000000a822       0x2c modules/hal_nordic/nrfx/libmodules__hal_nordic__nrfx.a(nrfx_gpiote.c.obj)
 .text.nrf_gpio_port_in_read
                0x000000000000a84e       0x16 modules/hal_nordic/nrfx/libmodules__hal_nordic__nrfx.a(nrfx_gpiote.c.obj)
 .text.nrf_gpio_pin_latch_clear
                0x000000000000a864       0x28 modules/hal_nordic/nrfx/libmodules__hal_nordic__nrfx.a(nrfx_gpiote.c.obj)
 .text.nrf_gpio_pin_port_number_extract
                0x000000000000a88c       0x26 modules/hal_nordic/nrfx/libmodules__hal_nordic__nrfx.a(nrfx_gpiote.c.obj)
 .text.nrfy_gpio_reconfigure
                0x000000000000a8b2       0x2e modules/hal_nordic/nrfx/libmodules__hal_nordic__nrfx.a(nrfx_gpiote.c.obj)
 .text.nrfy_gpio_cfg_default
                0x000000000000a8e0       0x1a modules/hal_nordic/nrfx/libmodules__hal_nordic__nrfx.a(nrfx_gpiote.c.obj)
 .text.nrfy_gpio_cfg_sense_set
                0x000000000000a8fa       0x26 modules/hal_nordic/nrfx/libmodules__hal_nordic__nrfx.a(nrfx_gpiote.c.obj)
 .text.nrfy_gpio_pin_read
                0x000000000000a920       0x22 modules/hal_nordic/nrfx/libmodules__hal_nordic__nrfx.a(nrfx_gpiote.c.obj)
 .text.nrfy_gpio_pin_sense_get
                0x000000000000a942       0x24 modules/hal_nordic/nrfx/libmodules__hal_nordic__nrfx.a(nrfx_gpiote.c.obj)
 .text.nrfy_gpio_latches_read_and_clear
                0x000000000000a966       0x26 modules/hal_nordic/nrfx/libmodules__hal_nordic__nrfx.a(nrfx_gpiote.c.obj)
 .text.nrfy_gpio_pin_latch_clear
                0x000000000000a98c       0x1a modules/hal_nordic/nrfx/libmodules__hal_nordic__nrfx.a(nrfx_gpiote.c.obj)
 .text.nrf_bitmask_bit_is_set
                0x000000000000a9a6       0x44 modules/hal_nordic/nrfx/libmodules__hal_nordic__nrfx.a(nrfx_gpiote.c.obj)
 .text.nrf_bitmask_bit_clear
                0x000000000000a9ea       0x48 modules/hal_nordic/nrfx/libmodules__hal_nordic__nrfx.a(nrfx_gpiote.c.obj)
 .text.pin_in_use
                0x000000000000aa32       0x3a modules/hal_nordic/nrfx/libmodules__hal_nordic__nrfx.a(nrfx_gpiote.c.obj)
 .text.pin_in_use_by_te
                0x000000000000aa6c       0x3a modules/hal_nordic/nrfx/libmodules__hal_nordic__nrfx.a(nrfx_gpiote.c.obj)
 .text.pin_has_trigger
                0x000000000000aaa6       0x3e modules/hal_nordic/nrfx/libmodules__hal_nordic__nrfx.a(nrfx_gpiote.c.obj)
 .text.pin_is_output
                0x000000000000aae4       0x3a modules/hal_nordic/nrfx/libmodules__hal_nordic__nrfx.a(nrfx_gpiote.c.obj)
 .text.pin_is_task_output
                0x000000000000ab1e       0x3a modules/hal_nordic/nrfx/libmodules__hal_nordic__nrfx.a(nrfx_gpiote.c.obj)
 .text.pin_is_input
                0x000000000000ab58       0x32 modules/hal_nordic/nrfx/libmodules__hal_nordic__nrfx.a(nrfx_gpiote.c.obj)
 .text.gpiote_polarity_to_trigger
                0x000000000000ab8a       0x16 modules/hal_nordic/nrfx/libmodules__hal_nordic__nrfx.a(nrfx_gpiote.c.obj)
 .text.gpiote_trigger_to_polarity
                0x000000000000aba0       0x16 modules/hal_nordic/nrfx/libmodules__hal_nordic__nrfx.a(nrfx_gpiote.c.obj)
 .text.pin_te_get
                0x000000000000abb6       0x36 modules/hal_nordic/nrfx/libmodules__hal_nordic__nrfx.a(nrfx_gpiote.c.obj)
 .text.is_level
                0x000000000000abec       0x20 modules/hal_nordic/nrfx/libmodules__hal_nordic__nrfx.a(nrfx_gpiote.c.obj)
 .text.handler_in_use
                0x000000000000ac0c       0x6c modules/hal_nordic/nrfx/libmodules__hal_nordic__nrfx.a(nrfx_gpiote.c.obj)
 .text.release_handler
                0x000000000000ac78       0xca modules/hal_nordic/nrfx/libmodules__hal_nordic__nrfx.a(nrfx_gpiote.c.obj)
 .text.pin_handler_trigger_uninit
                0x000000000000ad42       0x5a modules/hal_nordic/nrfx/libmodules__hal_nordic__nrfx.a(nrfx_gpiote.c.obj)
 .text.pin_trigger_disable
                0x000000000000ad9c       0x68 modules/hal_nordic/nrfx/libmodules__hal_nordic__nrfx.a(nrfx_gpiote.c.obj)
 .text.find_handler
                0x000000000000ae04       0x60 modules/hal_nordic/nrfx/libmodules__hal_nordic__nrfx.a(nrfx_gpiote.c.obj)
 .text.get_initial_sense
                0x000000000000ae64       0x62 modules/hal_nordic/nrfx/libmodules__hal_nordic__nrfx.a(nrfx_gpiote.c.obj)
 .text.channel_handler_get
                0x000000000000aec6       0x60 modules/hal_nordic/nrfx/libmodules__hal_nordic__nrfx.a(nrfx_gpiote.c.obj)
 .text.gpiote_global_callback_set
                0x000000000000af26       0x34 modules/hal_nordic/nrfx/libmodules__hal_nordic__nrfx.a(nrfx_gpiote.c.obj)
 .text.gpiote_init_check
                0x000000000000af5a       0x2a modules/hal_nordic/nrfx/libmodules__hal_nordic__nrfx.a(nrfx_gpiote.c.obj)
 .text.pin_channel_free
                0x000000000000af84       0x2e modules/hal_nordic/nrfx/libmodules__hal_nordic__nrfx.a(nrfx_gpiote.c.obj)
 .text.pin_channel_alloc
                0x000000000000afb2       0x2c modules/hal_nordic/nrfx/libmodules__hal_nordic__nrfx.a(nrfx_gpiote.c.obj)
 .text.pin_trigger_enable
                0x000000000000afde       0xb6 modules/hal_nordic/nrfx/libmodules__hal_nordic__nrfx.a(nrfx_gpiote.c.obj)
 .text.nrfx_gpiote_input_configure
                0x000000000000b094       0x20 modules/hal_nordic/nrfx/libmodules__hal_nordic__nrfx.a(nrfx_gpiote.c.obj)
                0x000000000000b094                nrfx_gpiote_input_configure
 .text.nrfx_gpiote_output_configure
                0x000000000000b0b4       0x24 modules/hal_nordic/nrfx/libmodules__hal_nordic__nrfx.a(nrfx_gpiote.c.obj)
                0x000000000000b0b4                nrfx_gpiote_output_configure
 .text.nrfx_gpiote_global_callback_set
                0x000000000000b0d8       0x1e modules/hal_nordic/nrfx/libmodules__hal_nordic__nrfx.a(nrfx_gpiote.c.obj)
                0x000000000000b0d8                nrfx_gpiote_global_callback_set
 .text.nrfx_gpiote_channel_get
                0x000000000000b0f6       0x20 modules/hal_nordic/nrfx/libmodules__hal_nordic__nrfx.a(nrfx_gpiote.c.obj)
                0x000000000000b0f6                nrfx_gpiote_channel_get
 .text.nrfx_gpiote_init
                0x000000000000b116       0x20 modules/hal_nordic/nrfx/libmodules__hal_nordic__nrfx.a(nrfx_gpiote.c.obj)
                0x000000000000b116                nrfx_gpiote_init
 .text.nrfx_gpiote_init_check
                0x000000000000b136       0x18 modules/hal_nordic/nrfx/libmodules__hal_nordic__nrfx.a(nrfx_gpiote.c.obj)
                0x000000000000b136                nrfx_gpiote_init_check
 .text.nrfx_gpiote_pin_uninit
                0x000000000000b14e       0x1c modules/hal_nordic/nrfx/libmodules__hal_nordic__nrfx.a(nrfx_gpiote.c.obj)
                0x000000000000b14e                nrfx_gpiote_pin_uninit
 .text.nrfx_gpiote_channel_free
                0x000000000000b16a       0x20 modules/hal_nordic/nrfx/libmodules__hal_nordic__nrfx.a(nrfx_gpiote.c.obj)
                0x000000000000b16a                nrfx_gpiote_channel_free
 .text.nrfx_gpiote_channel_alloc
                0x000000000000b18a       0x1c modules/hal_nordic/nrfx/libmodules__hal_nordic__nrfx.a(nrfx_gpiote.c.obj)
                0x000000000000b18a                nrfx_gpiote_channel_alloc
 .text.nrfx_gpiote_trigger_enable
                0x000000000000b1a6       0x22 modules/hal_nordic/nrfx/libmodules__hal_nordic__nrfx.a(nrfx_gpiote.c.obj)
                0x000000000000b1a6                nrfx_gpiote_trigger_enable
 .text.nrfx_gpiote_trigger_disable
                0x000000000000b1c8       0x1a modules/hal_nordic/nrfx/libmodules__hal_nordic__nrfx.a(nrfx_gpiote.c.obj)
                0x000000000000b1c8                nrfx_gpiote_trigger_disable
 .text.call_handler
                0x000000000000b1e2       0x4a modules/hal_nordic/nrfx/libmodules__hal_nordic__nrfx.a(nrfx_gpiote.c.obj)
 .text.next_sense_cond_call_handler
                0x000000000000b22c       0x9e modules/hal_nordic/nrfx/libmodules__hal_nordic__nrfx.a(nrfx_gpiote.c.obj)
 .text.gpiote_evt_handle
                0x000000000000b2ca       0x64 modules/hal_nordic/nrfx/libmodules__hal_nordic__nrfx.a(nrfx_gpiote.c.obj)
 .text.irq_handler
                0x000000000000b32e       0x54 modules/hal_nordic/nrfx/libmodules__hal_nordic__nrfx.a(nrfx_gpiote.c.obj)
 .text.nrf_event_readback
                0x000000000000b382       0x16 modules/hal_nordic/nrfx/libmodules__hal_nordic__nrfx.a(nrfx_grtc.c.obj)
 .text.nrf_barrier_w
                0x000000000000b398        0xc modules/hal_nordic/nrfx/libmodules__hal_nordic__nrfx.a(nrfx_grtc.c.obj)
 .text.nrf_barrier_r
                0x000000000000b3a4        0xc modules/hal_nordic/nrfx/libmodules__hal_nordic__nrfx.a(nrfx_grtc.c.obj)
 .text.nrf_barrier_rw
                0x000000000000b3b0        0xc modules/hal_nordic/nrfx/libmodules__hal_nordic__nrfx.a(nrfx_grtc.c.obj)
 .text.nrf_event_check
                0x000000000000b3bc       0x26 modules/hal_nordic/nrfx/libmodules__hal_nordic__nrfx.a(nrfx_grtc.c.obj)
 .text.nrf_grtc_sys_counter_cc_set
                0x000000000000b3e2       0x50 modules/hal_nordic/nrfx/libmodules__hal_nordic__nrfx.a(nrfx_grtc.c.obj)
 .text.nrf_grtc_sys_counter_cc_get
                0x000000000000b432       0x5e modules/hal_nordic/nrfx/libmodules__hal_nordic__nrfx.a(nrfx_grtc.c.obj)
 .text.nrf_grtc_int_enable
                0x000000000000b490       0x1c modules/hal_nordic/nrfx/libmodules__hal_nordic__nrfx.a(nrfx_grtc.c.obj)
 .text.nrf_grtc_int_disable
                0x000000000000b4ac       0x1c modules/hal_nordic/nrfx/libmodules__hal_nordic__nrfx.a(nrfx_grtc.c.obj)
 .text.nrf_grtc_int_enable_check
                0x000000000000b4c8       0x1e modules/hal_nordic/nrfx/libmodules__hal_nordic__nrfx.a(nrfx_grtc.c.obj)
 .text.nrf_grtc_subscribe_clear
                0x000000000000b4e6       0x22 modules/hal_nordic/nrfx/libmodules__hal_nordic__nrfx.a(nrfx_grtc.c.obj)
 .text.nrf_grtc_publish_clear
                0x000000000000b508       0x22 modules/hal_nordic/nrfx/libmodules__hal_nordic__nrfx.a(nrfx_grtc.c.obj)
 .text.nrf_grtc_event_check
                0x000000000000b52a       0x20 modules/hal_nordic/nrfx/libmodules__hal_nordic__nrfx.a(nrfx_grtc.c.obj)
 .text.nrf_grtc_event_clear
                0x000000000000b54a       0x2a modules/hal_nordic/nrfx/libmodules__hal_nordic__nrfx.a(nrfx_grtc.c.obj)
 .text.nrf_grtc_sys_counter_low_get
                0x000000000000b574       0x18 modules/hal_nordic/nrfx/libmodules__hal_nordic__nrfx.a(nrfx_grtc.c.obj)
 .text.nrf_grtc_sys_counter_high_get
                0x000000000000b58c       0x18 modules/hal_nordic/nrfx/libmodules__hal_nordic__nrfx.a(nrfx_grtc.c.obj)
 .text.nrf_grtc_sys_counter_get
                0x000000000000b5a4       0x1e modules/hal_nordic/nrfx/libmodules__hal_nordic__nrfx.a(nrfx_grtc.c.obj)
 .text.nrf_grtc_sys_counter_active_set
                0x000000000000b5c2       0x34 modules/hal_nordic/nrfx/libmodules__hal_nordic__nrfx.a(nrfx_grtc.c.obj)
 .text.nrf_grtc_sys_counter_active_check
                0x000000000000b5f6       0x26 modules/hal_nordic/nrfx/libmodules__hal_nordic__nrfx.a(nrfx_grtc.c.obj)
 .text.nrf_grtc_task_trigger
                0x000000000000b61c       0x20 modules/hal_nordic/nrfx/libmodules__hal_nordic__nrfx.a(nrfx_grtc.c.obj)
 .text.nrf_grtc_sys_counter_capture_task_get
                0x000000000000b63c       0x1a modules/hal_nordic/nrfx/libmodules__hal_nordic__nrfx.a(nrfx_grtc.c.obj)
 .text.nrf_grtc_sys_counter_compare_event_disable
                0x000000000000b656       0x26 modules/hal_nordic/nrfx/libmodules__hal_nordic__nrfx.a(nrfx_grtc.c.obj)
 .text.nrf_grtc_sys_counter_compare_event_get
                0x000000000000b67c       0x1e modules/hal_nordic/nrfx/libmodules__hal_nordic__nrfx.a(nrfx_grtc.c.obj)
 .text.nrf_grtc_sys_counter_set
                0x000000000000b69a       0x34 modules/hal_nordic/nrfx/libmodules__hal_nordic__nrfx.a(nrfx_grtc.c.obj)
 .text.nrf_grtc_sys_counter_auto_mode_set
                0x000000000000b6ce       0x34 modules/hal_nordic/nrfx/libmodules__hal_nordic__nrfx.a(nrfx_grtc.c.obj)
 .text.nrf_grtc_sys_counter_check
                0x000000000000b702       0x26 modules/hal_nordic/nrfx/libmodules__hal_nordic__nrfx.a(nrfx_grtc.c.obj)
 .text.nrf_grtc_timeout_set
                0x000000000000b728       0x1c modules/hal_nordic/nrfx/libmodules__hal_nordic__nrfx.a(nrfx_grtc.c.obj)
 .text.nrf_grtc_waketime_set
                0x000000000000b744       0x1c modules/hal_nordic/nrfx/libmodules__hal_nordic__nrfx.a(nrfx_grtc.c.obj)
 .text.nrf_grtc_clksel_set
                0x000000000000b760       0x2c modules/hal_nordic/nrfx/libmodules__hal_nordic__nrfx.a(nrfx_grtc.c.obj)
 .text.nrfy_grtc_int_init
                0x000000000000b78c       0x64 modules/hal_nordic/nrfx/libmodules__hal_nordic__nrfx.a(nrfx_grtc.c.obj)
 .text.nrfy_grtc_events_process
                0x000000000000b7f0       0x22 modules/hal_nordic/nrfx/libmodules__hal_nordic__nrfx.a(nrfx_grtc.c.obj)
 .text.nrfy_grtc_prepare
                0x000000000000b812       0x80 modules/hal_nordic/nrfx/libmodules__hal_nordic__nrfx.a(nrfx_grtc.c.obj)
 .text.nrfy_grtc_sys_counter_start
                0x000000000000b892       0x78 modules/hal_nordic/nrfx/libmodules__hal_nordic__nrfx.a(nrfx_grtc.c.obj)
 .text.nrfy_grtc_sys_counter_get
                0x000000000000b90a       0x34 modules/hal_nordic/nrfx/libmodules__hal_nordic__nrfx.a(nrfx_grtc.c.obj)
 .text.nrfy_grtc_sys_counter_ready_check
                0x000000000000b93e       0x18 modules/hal_nordic/nrfx/libmodules__hal_nordic__nrfx.a(nrfx_grtc.c.obj)
 .text.nrfy_grtc_sys_counter_compare_event_clear
                0x000000000000b956       0x2a modules/hal_nordic/nrfx/libmodules__hal_nordic__nrfx.a(nrfx_grtc.c.obj)
 .text.nrfy_grtc_sys_counter_cc_set
                0x000000000000b980       0x28 modules/hal_nordic/nrfx/libmodules__hal_nordic__nrfx.a(nrfx_grtc.c.obj)
 .text.nrfy_grtc_sys_counter_cc_get
                0x000000000000b9a8       0x30 modules/hal_nordic/nrfx/libmodules__hal_nordic__nrfx.a(nrfx_grtc.c.obj)
 .text.nrfy_grtc_int_enable
                0x000000000000b9d8       0x1e modules/hal_nordic/nrfx/libmodules__hal_nordic__nrfx.a(nrfx_grtc.c.obj)
 .text.nrfy_grtc_int_enable_check
                0x000000000000b9f6       0x26 modules/hal_nordic/nrfx/libmodules__hal_nordic__nrfx.a(nrfx_grtc.c.obj)
 .text.nrfy_grtc_sys_counter_compare_event_disable
                0x000000000000ba1c       0x22 modules/hal_nordic/nrfx/libmodules__hal_nordic__nrfx.a(nrfx_grtc.c.obj)
 .text.nrfy_grtc_sys_counter_compare_event_get
                0x000000000000ba3e       0x1c modules/hal_nordic/nrfx/libmodules__hal_nordic__nrfx.a(nrfx_grtc.c.obj)
 .text.nrfy_grtc_sys_counter_set
                0x000000000000ba5a       0x22 modules/hal_nordic/nrfx/libmodules__hal_nordic__nrfx.a(nrfx_grtc.c.obj)
 .text.nrfy_grtc_sys_counter_auto_mode_set
                0x000000000000ba7c       0x22 modules/hal_nordic/nrfx/libmodules__hal_nordic__nrfx.a(nrfx_grtc.c.obj)
 .text.nrfy_grtc_sys_counter_check
                0x000000000000ba9e       0x18 modules/hal_nordic/nrfx/libmodules__hal_nordic__nrfx.a(nrfx_grtc.c.obj)
 .text.nrfy_grtc_timeout_set
                0x000000000000bab6       0x1e modules/hal_nordic/nrfx/libmodules__hal_nordic__nrfx.a(nrfx_grtc.c.obj)
 .text.nrfy_grtc_waketime_set
                0x000000000000bad4       0x1e modules/hal_nordic/nrfx/libmodules__hal_nordic__nrfx.a(nrfx_grtc.c.obj)
 .text.__nrfy_internal_grtc_event_enabled_clear
                0x000000000000baf2       0x34 modules/hal_nordic/nrfx/libmodules__hal_nordic__nrfx.a(nrfx_grtc.c.obj)
 .text.__nrfy_internal_grtc_event_handle
                0x000000000000bb26       0x6a modules/hal_nordic/nrfx/libmodules__hal_nordic__nrfx.a(nrfx_grtc.c.obj)
 .text.__nrfy_internal_grtc_events_process
                0x000000000000bb90       0x62 modules/hal_nordic/nrfx/libmodules__hal_nordic__nrfx.a(nrfx_grtc.c.obj)
 .text.__nrfy_internal_grtc_sys_counter_ready_check
                0x000000000000bbf2       0x36 modules/hal_nordic/nrfx/libmodules__hal_nordic__nrfx.a(nrfx_grtc.c.obj)
 .text.num_of_channels_get
                0x000000000000bc28       0x36 modules/hal_nordic/nrfx/libmodules__hal_nordic__nrfx.a(nrfx_grtc.c.obj)
 .text.is_channel_allocated
                0x000000000000bc5e       0x2c modules/hal_nordic/nrfx/libmodules__hal_nordic__nrfx.a(nrfx_grtc.c.obj)
 .text.is_channel_available
                0x000000000000bc8a       0x2a modules/hal_nordic/nrfx/libmodules__hal_nordic__nrfx.a(nrfx_grtc.c.obj)
 .text.get_channel_for_ch_data_idx
                0x000000000000bcb4       0x50 modules/hal_nordic/nrfx/libmodules__hal_nordic__nrfx.a(nrfx_grtc.c.obj)
 .text.get_ch_data_index_for_channel
                0x000000000000bd04       0x4e modules/hal_nordic/nrfx/libmodules__hal_nordic__nrfx.a(nrfx_grtc.c.obj)
 .text.nrfx_grtc_irq_handler
                0x000000000000bd52        0xc modules/hal_nordic/nrfx/libmodules__hal_nordic__nrfx.a(nrfx_grtc.c.obj)
                0x000000000000bd52                nrfx_grtc_irq_handler
 .text.z_impl_k_busy_wait
                0x000000000000bd5e       0x1e zephyr/kernel/libkernel.a(busy_wait.c.obj)
                0x000000000000bd5e                z_impl_k_busy_wait
 .text.k_object_init
                0x000000000000bd7c       0x12 zephyr/kernel/libkernel.a(device.c.obj)
 .text.z_impl_device_is_ready
                0x000000000000bd8e       0x42 zephyr/kernel/libkernel.a(device.c.obj)
                0x000000000000bd8e                z_impl_device_is_ready
 .text.k_thread_abort
                0x000000000000bdd0       0x16 zephyr/kernel/libkernel.a(fatal.c.obj)
 .text.coredump
                0x000000000000bde6       0x16 zephyr/kernel/libkernel.a(fatal.c.obj)
 .text.arch_system_halt
                0x000000000000bdfc       0x28 zephyr/kernel/libkernel.a(fatal.c.obj)
                0x000000000000bdfc                arch_system_halt
 .text.k_sys_fatal_error_handler
                0x000000000000be24       0x12 zephyr/kernel/libkernel.a(fatal.c.obj)
                0x000000000000be24                k_sys_fatal_error_handler